ARM Linker, 5.03 [Build 76] [MDK-ARM Professional]

==============================================================================

Section Cross References

    lpc2300.o(STACK) refers (Special) to heapauxi.o(.text) for __use_two_region_memory
    lpc2300.o(HEAP) refers (Special) to heapauxi.o(.text) for __use_two_region_memory
    lpc2300.o(RESET) refers (Special) to heapauxi.o(.text) for __use_two_region_memory
    lpc2300.o(RESET) refers to lpc2300.o(STACK) for Stack_Top
    lpc2300.o(RESET) refers to __main.o(!!!main) for __main
    lpc2300.o(.text) refers (Special) to heapauxi.o(.text) for __use_two_region_memory
    lpc2300.o(.text) refers to lpc2300.o(HEAP) for Heap_Mem
    lpc2300.o(.text) refers to lpc2300.o(STACK) for Stack_Mem
    usb_config.o(.text) refers to usbd_user_msc.o(.text) for usbd_msc_init
    usb_config.o(.constdata) refers to usbd_core.o(i.USBD_EndPoint0) for USBD_EndPoint0
    usb_config.o(.constdata) refers to usbd_msc.o(i.USBD_MSC_EP_BULK_Event) for USBD_MSC_EP_BULK_Event
    usb_config.o(.data) refers to usb_config.o(.conststring) for .conststring
    file_config.o(.text) refers to fs_mci.o(i.mci_Init) for mci_Init
    file_config.o(.text) refers to fs_mci.o(i.mci_UnInit) for mci_UnInit
    file_config.o(.text) refers to fs_mci.o(i.mci_ReadSector) for mci_ReadSector
    file_config.o(.text) refers to fs_mci.o(i.mci_WriteSector) for mci_WriteSector
    file_config.o(.text) refers to fs_mci.o(i.mci_ReadInfo) for mci_ReadInfo
    file_config.o(.text) refers to fs_mci.o(i.mci_DevCtrl) for mci_DevCtrl
    file_config.o(.text) refers to file_config.o(.bss) for .bss
    file_config.o(.text) refers to file_config.o(.ARM.__AT_0x7FD00000) for .ARM.__AT_0x7FD00000
    file_config.o(.text) refers to file_config.o(.constdata) for .constdata
    file_config.o(.text) refers to mci_lpc23xx.o(.constdata) for mci0_drv
    file_config.o(.constdata) refers to file_config.o(.text) for mc0_Init
    file_config.o(.constdata) refers to file_config.o(.bss) for mc0_vol
    usbd_lpc23xx.o(.text) refers to uwrite4.o(.text) for __aeabi_uwrite4
    usbd_lpc23xx.o(.text) refers to uread4.o(.text) for __aeabi_uread4
    usbd_lpc23xx.o(.text) refers to usbd_lpc23xx.o(.bss) for .bss
    usbd_lpc23xx.o(.text) refers to usb_config.o(.constdata) for USBD_P_SOF_Event
    usbd_lpc23xx.o(.text) refers to usb_config.o(.constdata) for USBD_P_Error_Event
    usbd_lpc23xx.o(.text) refers to usbd_lpc23xx.o(.text) for USBD_ISR
    usbd_lpc23xx.o(.text) refers to usbd_core.o(.data) for USBD_DeviceStatus
    usbd_lpc23xx.o(.text) refers to usbd_lpc23xx.o(.text) for WrCmd
    usbd_lpc23xx.o(.text) refers to usbd_core.o(i.usbd_reset_core) for usbd_reset_core
    usbd_lpc23xx.o(.text) refers to usb_config.o(.constdata) for USBD_P_Reset_Event
    usbd_lpc23xx.o(.text) refers to usb_config.o(.constdata) for USBD_P_Power_Event
    usbd_lpc23xx.o(.text) refers to usb_config.o(.constdata) for USBD_P_Suspend_Event
    usbd_lpc23xx.o(.text) refers to usb_config.o(.constdata) for USBD_P_Resume_Event
    usbd_lpc23xx.o(.text) refers to usb_config.o(.constdata) for USBD_P_SOF_Event
    usbd_lpc23xx.o(.text) refers to usb_config.o(.constdata) for USBD_P_Error_Event
    usbd_lpc23xx.o(.text) refers to usbd_lpc23xx.o(.bss) for .bss
    usbd_lpc23xx.o(.text) refers to usb_config.o(.constdata) for USBD_P_EP
    usbd_lpc23xx.o(.text) refers to usbd_lpc23xx.o(.data) for .data
    mci_lpc23xx.o(.text) refers to aeabi_sdiv.o(.text_udiv) for __aeabi_uidivmod
    mci_lpc23xx.o(.text) refers to memory.o(.text) for LED_On
    mci_lpc23xx.o(.text) refers to mci_lpc23xx.o(.data) for .data
    mci_lpc23xx.o(.constdata) refers to mci_lpc23xx.o(.text) for Init
    serial.o(.text) refers to memory.o(.data) for WakeUp
    lcd_4bit.o(.text) refers to lcd_4bit.o(.constdata) for .constdata
    retarget.o(.text) refers (Special) to use_no_semi.o(.text) for __use_no_semihosting_swi
    retarget.o(.text) refers to serial.o(.text) for sendchar
    retarget.o(.text) refers to strcmp.o(.text) for strcmp
    retarget.o(.text) refers to fs_sys.o(i.__sys_open) for __sys_open
    retarget.o(.text) refers to fs_sys.o(i.__sys_close) for __sys_close
    retarget.o(.text) refers to fs_sys.o(i.__sys_write) for __sys_write
    retarget.o(.text) refers to fs_sys.o(i.__sys_read) for __sys_read
    retarget.o(.text) refers to fs_sys.o(i.__sys_seek) for __sys_seek
    retarget.o(.text) refers to fs_sys.o(i.__sys_ensure) for __sys_ensure
    retarget.o(.text) refers to fs_sys.o(i.__sys_flen) for __sys_flen
    retarget.o(.constdata) refers (Special) to use_no_semi.o(.text) for __use_no_semihosting_swi
    retarget.o(.constdata) refers (Special) to use_no_semi.o(.text) for __use_no_semihosting_swi
    retarget.o(.constdata) refers (Special) to use_no_semi.o(.text) for __use_no_semihosting_swi
    usbd_user_msc.o(.text) refers to fs_ioc.o(i.ioc_read_sect) for ioc_read_sect
    usbd_user_msc.o(.text) refers to fs_ioc.o(i.ioc_write_sect) for ioc_write_sect
[...]
    USBD_WakeUp                              0x00000579   Thumb Code    16  usbd_lpc23xx.o(.text)
    USBD_WakeUpCfg                           0x00000589   Thumb Code     2  usbd_lpc23xx.o(.text)
    USBD_Configure                           0x0000058b   Thumb Code    44  usbd_lpc23xx.o(.text)
    USBD_ConfigEP                            0x000005b7   Thumb Code    52  usbd_lpc23xx.o(.text)
    USBD_DirCtrlEP                           0x000005eb   Thumb Code     2  usbd_lpc23xx.o(.text)
    USBD_EnableEP                            0x000005ed   Thumb Code    20  usbd_lpc23xx.o(.text)
    USBD_DisableEP                           0x00000601   Thumb Code    20  usbd_lpc23xx.o(.text)
    USBD_ResetEP                             0x00000615   Thumb Code    20  usbd_lpc23xx.o(.text)
    USBD_SetStallEP                          0x00000629   Thumb Code    20  usbd_lpc23xx.o(.text)
    USBD_ClrStallEP                          0x0000063d   Thumb Code    20  usbd_lpc23xx.o(.text)
    USBD_ClearEPBuf                          0x00000651   Thumb Code     4  usbd_lpc23xx.o(.text)
    USBD_ReadEP                              0x00000655   Thumb Code    98  usbd_lpc23xx.o(.text)
    USBD_WriteEP                             0x000006b7   Thumb Code    64  usbd_lpc23xx.o(.text)
    USBD_GetFrame                            0x000006f7   Thumb Code    30  usbd_lpc23xx.o(.text)
    init_serial                              0x00000d05   Thumb Code    54  serial.o(.text)
    sendchar                                 0x00000d3b   Thumb Code    26  serial.o(.text)
    getkey                                   0x00000d55   Thumb Code    26  serial.o(.text)
    lcd_write_4bit                           0x00000d7d   Thumb Code    46  lcd_4bit.o(.text)
    lcd_write_cmd                            0x00000dab   Thumb Code    34  lcd_4bit.o(.text)
    lcd_putchar                              0x00000dcd   Thumb Code    30  lcd_4bit.o(.text)
    lcd_init                                 0x00000deb   Thumb Code   112  lcd_4bit.o(.text)
    set_cursor                               0x00000e5b   Thumb Code    18  lcd_4bit.o(.text)
    lcd_clear                                0x00000e6d   Thumb Code    18  lcd_4bit.o(.text)
    lcd_print                                0x00000e7f   Thumb Code    20  lcd_4bit.o(.text)
    _ttywrch                                 0x00000f0d   Thumb Code    12  retarget.o(.text)
    _sys_open                                0x00000f19   Thumb Code    70  retarget.o(.text)
    _sys_close                               0x00000f5f   Thumb Code    20  retarget.o(.text)
    _sys_write                               0x00000f73   Thumb Code    56  retarget.o(.text)
    _sys_read                                0x00000fab   Thumb Code    54  retarget.o(.text)
    _sys_istty                               0x00000fe1   Thumb Code    16  retarget.o(.text)
    _sys_seek                                0x00000ff1   Thumb Code    22  retarget.o(.text)
    _sys_ensure                              0x00001007   Thumb Code    22  retarget.o(.text)
    _sys_flen                                0x0000101d   Thumb Code    20  retarget.o(.text)
    _sys_tmpnam                              0x00001031   Thumb Code     4  retarget.o(.text)
    _sys_command_string                      0x00001035   Thumb Code     2  retarget.o(.text)
    _sys_exit                                0x00001037   Thumb Code     2  retarget.o(.text)
    usbd_msc_init                            0x00001055   Thumb Code    58  usbd_user_msc.o(.text)
    usbd_msc_read_sect                       0x0000108f   Thumb Code    24  usbd_user_msc.o(.text)
    usbd_msc_write_sect                      0x000010a7   Thumb Code    28  usbd_user_msc.o(.text)
    getline                                  0x000010e9   Thumb Code   144  getline.o(.text)
    sd_main                                  0x00001a5b   Thumb Code   154  sd_file.o(.text)
    T0_IRQHandler                            0x00001d54   ARM Code      68  memory.o(.text)
    LED_On                                   0x00001da5   Thumb Code     6  memory.o(.text)
    LED_Off                                  0x00001dad   Thumb Code     6  memory.o(.text)
    main                                     0x00001db5   Thumb Code   194  memory.o(.text)
    __semihosting$guard                      0x00001eec   ARM Code       0  use_no_semi.o(.text)
    __use_no_semihosting_swi                 0x00001eec   ARM Code       4  use_no_semi.o(.text)
    Inline Thumb to ARM Veneer to __aeabi_uldivmod 0x00001ef1   Thumb Code     4  lludiv.o(.text)
    __aeabi_uldivmod                         0x00001ef4   ARM Code       0  lludiv.o(.text)
    _ll_udiv                                 0x00001ef4   ARM Code     720  lludiv.o(.text)
    _ll_udiv_donemoving                      0x00001f08   ARM Code       0  lludiv.o(.text)
    toupper                                  0x000021c5   Thumb Code    34  toupper.o(.text)
    __2printf                                0x000021e9   Thumb Code    22  __2printf.o(.text)
    __2fprintf                               0x00002205   Thumb Code    22  __2fprintf.o(.text)
    __2sprintf                               0x0000221d   Thumb Code    40  __2sprintf.o(.text)
    _printf_pre_padding                      0x00002249   Thumb Code    50  _printf_pad.o(.text)
    _printf_post_padding                     0x0000227b   Thumb Code    36  _printf_pad.o(.text)
    _printf_str                              0x0000229f   Thumb Code    88  _printf_str.o(.text)
    Inline ARM to Thumb Veneer to _printf_int_dec 0x000022f8   ARM Code       8  _printf_dec.o(.text)
    _printf_int_dec                          0x00002301   Thumb Code    94  _printf_dec.o(.text)
    Inline ARM to Thumb Veneer to _printf_charcount 0x00002370   ARM Code       8  _printf_charcount.o(.text)
    _printf_charcount                        0x00002379   Thumb Code    40  _printf_charcount.o(.text)
    Inline ARM to Thumb Veneer to _printf_hex_ptr 0x000023a0   ARM Code       8  _printf_hex_ptr.o(.text)
    _printf_hex_ptr                          0x000023a9   Thumb Code    82  _printf_hex_ptr.o(.text)
    _printf_longlong_hex                     0x000023a9   Thumb Code     0  _printf_hex_ptr.o(.text)
    __printf                                 0x00002401   Thumb Code   406  __printf_flags_ss_wp.o(.text)
    __0sscanf                                0x0000259d   Thumb Code    54  __0sscanf.o(.text)
    _scanf_int                               0x000025dd   Thumb Code   348  _scanf_int.o(.text)
    _do_fflush                               0x00002739   Thumb Code    58  fflush.o(.text)
    fflush                                   0x00002773   Thumb Code    46  fflush.o(.text)
    fputs                                    0x000027a5   Thumb Code    38  fputs.o(.text)
    putc                                     0x000027cb   Thumb Code    12  putc.o(.text)
    freopen                                  0x000027d9   Thumb Code   152  fopen.o(.text)
    fopen                                    0x00002871   Thumb Code    80  fopen.o(.text)
    _fclose_internal                         0x000028c9   Thumb Code    76  fclose.o(.text)
    fclose                                   0x000028c9   Thumb Code     0  fclose.o(.text)
    strcpy                                   0x00002919   Thumb Code    74  strcpy.o(.text)
    strncasecmp                              0x00002969   Thumb Code    50  strncasecmp.o(.text)
    strlen                                   0x0000299d   Thumb Code    64  strlen.o(.text)
    strcat                                   0x000029e1   Thumb Code    24  strcat.o(.text)
    Inline Thumb to ARM Veneer to __aeabi_memcpy 0x000029f9   Thumb Code     4  rt_memcpy.o(.text)
    __aeabi_memcpy                           0x000029fc   ARM Code       0  rt_memcpy.o(.text)
    __rt_memcpy                              0x000029fc   ARM Code     212  rt_memcpy.o(.text)
    _memcpy_lastbytes                        0x00002ab0   ARM Code       0  rt_memcpy.o(.text)
    Inline Thumb to ARM Veneer to __aeabi_memcpy4 0x00002ad1   Thumb Code     4  rt_memcpy_w.o(.text)
    __aeabi_memcpy4                          0x00002ad4   ARM Code       0  rt_memcpy_w.o(.text)
    __aeabi_memcpy8                          0x00002ad4   ARM Code       0  rt_memcpy_w.o(.text)
    __rt_memcpy_w                            0x00002ad4   ARM Code     100  rt_memcpy_w.o(.text)
    _memcpy_lastbytes_aligned                0x00002b20   ARM Code       0  rt_memcpy_w.o(.text)
    Inline Thumb to ARM Veneer to __aeabi_memset 0x00002b39   Thumb Code     4  aeabi_memset.o(.text)
    __aeabi_memset                           0x00002b3c   ARM Code      16  aeabi_memset.o(.text)
    Inline Thumb to ARM Veneer to __aeabi_memclr 0x00002b4d   Thumb Code     4  rt_memclr.o(.text)
    __aeabi_memclr                           0x00002b50   ARM Code       0  rt_memclr.o(.text)
    __rt_memclr                              0x00002b50   ARM Code      64  rt_memclr.o(.text)
    _memset                                  0x00002b54   ARM Code       0  rt_memclr.o(.text)
    Inline Thumb to ARM Veneer to __aeabi_memclr4 0x00002b91   Thumb Code     4  rt_memclr_w.o(.text)
    __aeabi_memclr4                          0x00002b94   ARM Code       0  rt_memclr_w.o(.text)
    __aeabi_memclr8                          0x00002b94   ARM Code       0  rt_memclr_w.o(.text)
    __rt_memclr_w                            0x00002b94   ARM Code      84  rt_memclr_w.o(.text)
    _memset_w                                0x00002b98   ARM Code       0  rt_memclr_w.o(.text)
    Inline Thumb to ARM Veneer to strcmp     0x00002be9   Thumb Code     4  strcmp.o(.text)
    strcmp                                   0x00002bec   ARM Code     156  strcmp.o(.text)
    Inline Thumb to ARM Veneer to __aeabi_uread4 0x00002c8d   Thumb Code     4  uread4.o(.text)
    __aeabi_uread4                           0x00002c90   ARM Code       0  uread4.o(.text)
    __rt_uread4                              0x00002c90   ARM Code      32  uread4.o(.text)
    Inline Thumb to ARM Veneer to __aeabi_uwrite4 0x00002cb1   Thumb Code     4  uwrite4.o(.text)
    __aeabi_uwrite4                          0x00002cb4   ARM Code       0  uwrite4.o(.text)
    __rt_uwrite4                             0x00002cb4   ARM Code      32  uwrite4.o(.text)
    Inline Thumb to ARM Veneer to __aeabi_idivmod 0x00002cd5   Thumb Code     4  aeabi_sdiv.o(.text)
    __aeabi_idiv                             0x00002cd8   ARM Code       0  aeabi_sdiv.o(.text)
    __aeabi_idivmod                          0x00002cd8   ARM Code     384  aeabi_sdiv.o(.text)
    __use_two_region_memory                  0x00002e59   Thumb Code     2  heapauxi.o(.text)
    __rt_heap_escrow                         0x00002e5b   Thumb Code     2  heapauxi.o(.text)
    __rt_heap_expand                         0x00002e5d   Thumb Code     2  heapauxi.o(.text)
    Inline Thumb to ARM Veneer to __rt_ctype_table 0x00002e61   Thumb Code     4  rt_ctype_table.o(.text)
    __rt_ctype_table                         0x00002e64   ARM Code      24  rt_ctype_table.o(.text)
    malloc                                   0x00002e7d   Thumb Code   110  h1_alloc.o(.text)
    free                                     0x00002eeb   Thumb Code    84  h1_free.o(.text)
    tolower                                  0x00002f3f   Thumb Code    30  tolower.o(.text)
    _printf_int_common                       0x00002f5d   Thumb Code   186  _printf_intcommon.o(.text)
    _printf_char_common                      0x00003023   Thumb Code    34  _printf_char_common.o(.text)
    _sputc                                   0x00003049   Thumb Code    10  _sputc.o(.text)
    Inline ARM to Thumb Veneer to _printf_string 0x00003054   ARM Code       8  _printf_char.o(.text)
    _printf_cs_common                        0x0000305d   Thumb Code    26  _printf_char.o(.text)
    _printf_char                             0x00003077   Thumb Code    16  _printf_char.o(.text)
    _printf_string                           0x00003087   Thumb Code     8  _printf_char.o(.text)
    _printf_char_file                        0x00003091   Thumb Code    38  _printf_char_file.o(.text)
    _chval                                   0x000030bd   Thumb Code    30  _chval.o(.text)
    __vfscanf_char                           0x000030e9   Thumb Code    32  scanf_char.o(.text)
    _sgetc                                   0x00003111   Thumb Code    32  _sgetc.o(.text)
    _sbackspace                              0x00003131   Thumb Code    36  _sgetc.o(.text)
    _readbuf                                 0x00003155   Thumb Code    60  filbuf.o(.text)
    _seteof                                  0x00003191   Thumb Code    40  filbuf.o(.text)
    __filbuf                                 0x000031b9   Thumb Code   490  filbuf.o(.text)
    __filbuf_byte                            0x000031b9   Thumb Code     0  filbuf.o(.text)
    __filbuf_wide                            0x000031b9   Thumb Code     0  filbuf.o(.text)
    _fseek                                   0x000033b1   Thumb Code   244  fseek.o(.text)
    fseek                                    0x000033b1   Thumb Code     0  fseek.o(.text)
    _seterr                                  0x000034a9   Thumb Code    20  stdio.o(.text)
    _writebuf                                0x000034bd   Thumb Code    80  stdio.o(.text)
    _fflush                                  0x0000350d   Thumb Code    80  stdio.o(.text)
    _deferredlazyseek                        0x0000355d   Thumb Code    64  stdio.o(.text)
    _initio                                  0x000035a5   Thumb Code   220  initio.o(.text)
    _terminateio                             0x00003681   Thumb Code    60  initio.o(.text)
    Inline Thumb to ARM Veneer to __rt_udiv10 0x000036e9   Thumb Code     4  rtudiv10.o(.text)
    __rt_udiv10                              0x000036ec   ARM Code      44  rtudiv10.o(.text)
    Inline Thumb to ARM Veneer to __rt_heap_descriptor 0x00003719   Thumb Code     4  rt_heap_descriptor_intlibspace.o(.text)
    __rt_heap_descriptor                     0x0000371c   ARM Code      12  rt_heap_descriptor_intlibspace.o(.text)
    Inline Thumb to ARM Veneer to __rt_locale 0x00003729   Thumb Code     4  rt_locale_intlibspace.o(.text)
    __rt_locale                              0x0000372c   ARM Code      12  rt_locale_intlibspace.o(.text)
    __use_no_heap                            0x00003739   Thumb Code     2  hguard.o(.text)
    __heap$guard                             0x0000373b   Thumb Code     2  hguard.o(.text)
    _terminate_user_alloc                    0x0000373d   Thumb Code     2  init_alloc.o(.text)
    _init_user_alloc                         0x0000373f   Thumb Code     2  init_alloc.o(.text)
    __Heap_Full                              0x00003741   Thumb Code    36  init_alloc.o(.text)
    __Heap_Broken                            0x00003765   Thumb Code    14  init_alloc.o(.text)
    _init_alloc                              0x00003773   Thumb Code    94  init_alloc.o(.text)
    __Heap_Initialize                        0x000037d1   Thumb Code    10  h1_init.o(.text)
    __Heap_DescSize                          0x000037db   Thumb Code     4  h1_init.o(.text)
    isspace                                  0x000037df   Thumb Code    22  isspace.o(.text)
    __vfscanf                                0x000037f5   Thumb Code   956  _scanf.o(.text)
    ferror                                   0x00003bbd   Thumb Code     8  ferror.o(.text)
    __flsbuf                                 0x00003bc5   Thumb Code   492  flsbuf.o(.text)
    __flsbuf_byte                            0x00003bc5   Thumb Code     0  flsbuf.o(.text)
    __flsbuf_wide                            0x00003bc5   Thumb Code     0  flsbuf.o(.text)
    _ftell_internal                          0x00003db9   Thumb Code    70  ftell.o(.text)
    ftell                                    0x00003db9   Thumb Code     0  ftell.o(.text)
    setvbuf                                  0x00003e01   Thumb Code    74  setvbuf.o(.text)
    fread                                    0x00003e51   Thumb Code   308  freadfast.o(.text)
    _flushlinebuffered                       0x00003f85   Thumb Code    50  flushlinebuffered.o(.text)
    __rt_SIGRTRED                            0x00003fc1   Thumb Code    16  defsig_rtred_outer.o(.text)
    __user_libspace                          0x00003fd0   ARM Code      12  libspace.o(.text)
    __user_perproc_libspace                  0x00003fd0   ARM Code       0  libspace.o(.text)
    __user_perthread_libspace                0x00003fd0   ARM Code       0  libspace.o(.text)
    __user_setup_stackheap                   0x00003fdc   ARM Code      96  sys_stackheap_outer.o(.text)
    Inline Thumb to ARM Veneer to __aeabi_errno_addr 0x0000403d   Thumb Code     4  rt_errno_addr_intlibspace.o(.text)
    __aeabi_errno_addr                       0x00004040   ARM Code      12  rt_errno_addr_intlibspace.o(.text)
    __errno$intlibspace                      0x00004040   ARM Code       0  rt_errno_addr_intlibspace.o(.text)
    __rt_errno_addr$intlibspace              0x00004040   ARM Code       0  rt_errno_addr_intlibspace.o(.text)
    __Heap_ProvideMemory                     0x0000404d   Thumb Code    56  h1_extend.o(.text)
    fwrite                                   0x00004085   Thumb Code   204  fwritefast.o(.text)
    exit                                     0x00004151   Thumb Code    12  exit.o(.text)
    __sig_exit                               0x0000415d   Thumb Code    16  defsig_exit.o(.text)
    __rt_SIGRTRED_inner                      0x0000416d   Thumb Code    18  defsig_rtred_inner.o(.text)
    __rt_SIGRTMEM                            0x000041a5   Thumb Code    16  defsig_rtmem_outer.o(.text)
    __default_signal_display                 0x000041b5   Thumb Code    56  defsig_general.o(.text)
    __rt_SIGRTMEM_inner                      0x000041ed   Thumb Code    26  defsig_rtmem_inner.o(.text)
    Inline Thumb to ARM Veneer to __aeabi_uidivmod 0x00004241   Thumb Code     4  aeabi_sdiv.o(.text_udiv)
    __aeabi_uidiv                            0x00004244   ARM Code       0  aeabi_sdiv.o(.text_udiv)
    __aeabi_uidivmod                         0x00004244   ARM Code      36  aeabi_sdiv.o(.text_udiv)
    Long ARM to Thumb Veneer to _sys_exit    0x00004268   ARM Code      12  anon$$obj.o(Veneer$$Code)
    Long ARM to Thumb Veneer to USBD_Suspend 0x0000428c   ARM Code      12  anon$$obj.o(Veneer$$Code)
    Long ARM to Thumb Veneer to USBD_Resume  0x00004298   ARM Code      12  anon$$obj.o(Veneer$$Code)
    USBD_DataInStage                         0x000042a5   Thumb Code    56  usbd_core.o(i.USBD_DataInStage)
    USBD_DataOutStage                        0x000042e5   Thumb Code    30  usbd_core.o(i.USBD_DataOutStage)
    USBD_EndPoint0                           0x00004309   Thumb Code   618  usbd_core.o(i.USBD_EndPoint0)
    USBD_EndPoint0_Setup_MSC_ReqToIF         0x00004591   Thumb Code   102  usbd_core_msc.o(i.USBD_EndPoint0_Setup_MSC_ReqToIF)
    USBD_MSC_ATAPassThrough                  0x00004609   Thumb Code   102  usbd_msc.o(i.USBD_MSC_ATAPassThrough)
    USBD_MSC_BulkIn                          0x00004681   Thumb Code    70  usbd_msc.o(i.USBD_MSC_BulkIn)
    USBD_MSC_BulkOut                         0x000046d5   Thumb Code    78  usbd_msc.o(i.USBD_MSC_BulkOut)
    USBD_MSC_CheckMedia                      0x00004731   Thumb Code    74  usbd_msc.o(i.USBD_MSC_CheckMedia)
    USBD_MSC_ClrStallEP                      0x0000478d   Thumb Code    78  usbd_msc.o(i.USBD_MSC_ClrStallEP)
    USBD_MSC_DataInFormat                    0x000047f1   Thumb Code    54  usbd_msc.o(i.USBD_MSC_DataInFormat)
    USBD_MSC_DataInTransfer                  0x00004831   Thumb Code    76  usbd_msc.o(i.USBD_MSC_DataInTransfer)
    USBD_MSC_EP_BULKOUT_Event                0x0000488d   Thumb Code    26  usbd_msc.o(i.USBD_MSC_EP_BULKOUT_Event)
    USBD_MSC_EP_BULK_Event                   0x000048b5   Thumb Code    28  usbd_msc.o(i.USBD_MSC_EP_BULK_Event)
    USBD_MSC_GetCBW                          0x000048d1   Thumb Code   420  usbd_msc.o(i.USBD_MSC_GetCBW)
    USBD_MSC_GetMaxLUN                       0x00004a91   Thumb Code    10  usbd_msc.o(i.USBD_MSC_GetMaxLUN)
    USBD_MSC_Inquiry                         0x00004aa1   Thumb Code    82  usbd_msc.o(i.USBD_MSC_Inquiry)
    USBD_MSC_MediaRemoval                    0x00004b01   Thumb Code    26  usbd_msc.o(i.USBD_MSC_MediaRemoval)
    USBD_MSC_MemoryRead                      0x00004b21   Thumb Code   208  usbd_msc.o(i.USBD_MSC_MemoryRead)
    USBD_MSC_MemoryVerify                    0x00004c05   Thumb Code   214  usbd_msc.o(i.USBD_MSC_MemoryVerify)
    USBD_MSC_MemoryWrite                     0x00004ced   Thumb Code   208  usbd_msc.o(i.USBD_MSC_MemoryWrite)
    USBD_MSC_ModeSense10                     0x00004dcd   Thumb Code    90  usbd_msc.o(i.USBD_MSC_ModeSense10)
    USBD_MSC_ModeSense6                      0x00004e35   Thumb Code    82  usbd_msc.o(i.USBD_MSC_ModeSense6)
    USBD_MSC_RWSetup                         0x00004e95   Thumb Code   176  usbd_msc.o(i.USBD_MSC_RWSetup)
    USBD_MSC_ReadCapacity                    0x00004f55   Thumb Code    70  usbd_msc.o(i.USBD_MSC_ReadCapacity)
    USBD_MSC_ReadFormatCapacity              0x00004fa5   Thumb Code   110  usbd_msc.o(i.USBD_MSC_ReadFormatCapacity)
    USBD_MSC_RequestSense                    0x00005021   Thumb Code   124  usbd_msc.o(i.USBD_MSC_RequestSense)
    USBD_MSC_Reset                           0x000050a9   Thumb Code    28  usbd_msc.o(i.USBD_MSC_Reset)
    USBD_MSC_ServiceActionIn16               0x000050d1   Thumb Code    76  usbd_msc.o(i.USBD_MSC_ServiceActionIn16)
    USBD_MSC_SetCSW                          0x0000512d   Thumb Code    38  usbd_msc.o(i.USBD_MSC_SetCSW)
    USBD_MSC_SetStallEP                      0x00005165   Thumb Code    42  usbd_msc.o(i.USBD_MSC_SetStallEP)
    USBD_MSC_StartStopUnit                   0x00005195   Thumb Code    46  usbd_msc.o(i.USBD_MSC_StartStopUnit)
    USBD_MSC_SynchronizeCache                0x000051cd   Thumb Code    18  usbd_msc.o(i.USBD_MSC_SynchronizeCache)
    USBD_MSC_TestUnitReady                   0x000051e5   Thumb Code    70  usbd_msc.o(i.USBD_MSC_TestUnitReady)
    USBD_ReqClrFeature_MSC                   0x00005239   Thumb Code    12  usbd_core_msc.o(i.USBD_ReqClrFeature_MSC)
    USBD_ReqGetDescriptor                    0x00005245   Thumb Code   306  usbd_core.o(i.USBD_ReqGetDescriptor)
    USBD_ReqGetStatus                        0x000053a5   Thumb Code   124  usbd_core.o(i.USBD_ReqGetStatus)
    USBD_ReqSetClrFeature                    0x00005429   Thumb Code   162  usbd_core.o(i.USBD_ReqSetClrFeature)
    USBD_ReqSetConfiguration                 0x000054d5   Thumb Code   364  usbd_core.o(i.USBD_ReqSetConfiguration)
    USBD_ReqSetInterface                     0x0000565d   Thumb Code   298  usbd_core.o(i.USBD_ReqSetInterface)
    USBD_SetupStage                          0x0000579d   Thumb Code    16  usbd_core.o(i.USBD_SetupStage)
    USBD_StatusInStage                       0x000057b1   Thumb Code    18  usbd_core.o(i.USBD_StatusInStage)
    USBD_StatusOutStage                      0x000057c5   Thumb Code    16  usbd_core.o(i.USBD_StatusOutStage)
    __ARM_common_call_via_r0                 0x000057d9   Thumb Code     2  fs_mapi.o(i.__ARM_common_call_via_r0)
    __ARM_common_call_via_r1                 0x000057db   Thumb Code     2  sd_file.o(i.__ARM_common_call_via_r1)
    __ARM_common_call_via_r2                 0x000057dd   Thumb Code     2  fs_mapi.o(i.__ARM_common_call_via_r2)
    __ARM_common_call_via_r3                 0x000057df   Thumb Code     2  fs_ioc.o(i.__ARM_common_call_via_r3)
    __ARM_common_call_via_r4                 0x000057e1   Thumb Code     2  fs_mci.o(i.__ARM_common_call_via_r4)
    __ARM_common_call_via_r5                 0x000057e3   Thumb Code     2  fs_mci.o(i.__ARM_common_call_via_r5)
    __ARM_common_call_via_r6                 0x000057e5   Thumb Code     2  fs_mci.o(i.__ARM_common_call_via_r6)
    __ARM_common_call_via_r7                 0x000057e7   Thumb Code     2  fs_mci.o(i.__ARM_common_call_via_r7)
    Inline Thumb to ARM Veneer to __ARM_common_ll_muluu 0x000057e9   Thumb Code     4  fs_fat.o(i.__ARM_common_ll_muluu)
    __ARM_common_ll_muluu                    0x000057ec   ARM Code      12  fs_fat.o(i.__ARM_common_ll_muluu)
    Inline Thumb to ARM Veneer to __ARM_common_switch8 0x000057f9   Thumb Code     4  usbd_core.o(i.__ARM_common_switch8)
    __ARM_common_switch8                     0x000057fc   ARM Code      24  usbd_core.o(i.__ARM_common_switch8)
    __sys_close                              0x00005815   Thumb Code    82  fs_sys.o(i.__sys_close)
    __sys_ensure                             0x00005875   Thumb Code    66  fs_sys.o(i.__sys_ensure)
    __sys_flen                               0x000058c5   Thumb Code    58  fs_sys.o(i.__sys_flen)
    __sys_open                               0x00005909   Thumb Code   216  fs_sys.o(i.__sys_open)
    __sys_read                               0x000059e9   Thumb Code    96  fs_sys.o(i.__sys_read)
    __sys_seek                               0x00005a51   Thumb Code    70  fs_sys.o(i.__sys_seek)
    __sys_write                              0x00005aa5   Thumb Code    86  fs_sys.o(i.__sys_write)
    _is_digit                                0x00005b05   Thumb Code    14  __printf_wp.o(i._is_digit)
    entry_pos_set                            0x00006319   Thumb Code   102  fs_fat.o(i.entry_pos_set)
    entry_read                               0x0000637f   Thumb Code    58  fs_fat.o(i.entry_read)
    fat_close                                0x000063e9   Thumb Code   232  fs_fat.o(i.fat_close)
    fat_delete                               0x00006505   Thumb Code   202  fs_fat.o(i.fat_delete)
    fat_ffind                                0x000065d1   Thumb Code   260  fs_fat.o(i.fat_ffind)
    fat_format                               0x000066d9   Thumb Code  1134  fs_fat.o(i.fat_format)
    fat_free                                 0x00006b47   Thumb Code    56  fs_fat.o(i.fat_free)
    fat_init                                 0x00006b81   Thumb Code   368  fs_fat.o(i.fat_init)
    fat_open                                 0x00006cfd   Thumb Code   442  fs_fat.o(i.fat_open)
    fat_read                                 0x00006eb7   Thumb Code   212  fs_fat.o(i.fat_read)
    fat_rename                               0x00006f8b   Thumb Code   298  fs_fat.o(i.fat_rename)
    fat_seek                                 0x000070b5   Thumb Code   212  fs_fat.o(i.fat_seek)
    fat_write                                0x00007189   Thumb Code   300  fs_fat.o(i.fat_write)
    fdelete                                  0x000072b5   Thumb Code   102  fs_mapi.o(i.fdelete)
    ffind                                    0x00007321   Thumb Code   428  fs_mapi.o(i.ffind)
    fformat                                  0x000074d9   Thumb Code   122  fs_mapi.o(i.fformat)
    ffree                                    0x00007561   Thumb Code    78  fs_mapi.o(i.ffree)
    fgetc                                    0x000075b5   Thumb Code    32  fgetc.o(i.fgetc)
    finit                                    0x0000766d   Thumb Code   116  fs_mapi.o(i.finit)
    fputc                                    0x000076ed   Thumb Code    36  fputc.o(i.fputc)
    frename                                  0x00007c81   Thumb Code   126  fs_mapi.o(i.frename)
    fs_cfg_drv                               0x00007d05   Thumb Code    94  fs_mapi.o(i.fs_cfg_drv)
    fs_chk_media                             0x00007d79   Thumb Code    52  fs_lib.o(i.fs_chk_media)
    fs_efs_lock                              0x00007dad   Thumb Code    56  fs_lib.o(i.fs_efs_lock)
    fs_fat_lock                              0x00007ded   Thumb Code    60  fs_lib.o(i.fs_fat_lock)
    fs_find_drv                              0x00007e31   Thumb Code    38  fs_lib.o(i.fs_find_drv)
    fs_find_iob                              0x00007e61   Thumb Code    54  fs_lib.o(i.fs_find_iob)
    fs_get_date                              0x00007ea1   Thumb Code     4  fs_time.o(i.fs_get_date)
    fs_get_time                              0x00007ea9   Thumb Code     6  fs_time.o(i.fs_get_time)
    fs_map_drive                             0x00007eb1   Thumb Code   118  fs_lib.o(i.fs_map_drive)
    fs_strpos                                0x00007f31   Thumb Code    24  fs_lib.o(i.fs_strpos)
    ioc_getcb                                0x00008315   Thumb Code    66  fs_ioc.o(i.ioc_getcb)
    ioc_init                                 0x00008361   Thumb Code   132  fs_ioc.o(i.ioc_init)
    ioc_read_info                            0x000083e5   Thumb Code    34  fs_ioc.o(i.ioc_read_info)
    ioc_read_sect                            0x00008407   Thumb Code    42  fs_ioc.o(i.ioc_read_sect)
    ioc_write_sect                           0x00008431   Thumb Code    42  fs_ioc.o(i.ioc_write_sect)
    mci_DevCtrl                              0x000085e1   Thumb Code    52  fs_mci.o(i.mci_DevCtrl)
    mci_Init                                 0x00008615   Thumb Code   668  fs_mci.o(i.mci_Init)
    mci_ReadInfo                             0x000088b9   Thumb Code   140  fs_mci.o(i.mci_ReadInfo)
    mci_ReadSector                           0x00008945   Thumb Code   164  fs_mci.o(i.mci_ReadSector)
    mci_UnInit                               0x000089e9   Thumb Code    30  fs_mci.o(i.mci_UnInit)
    mci_WriteSector                          0x00008a07   Thumb Code   164  fs_mci.o(i.mci_WriteSector)
    path_validate                            0x0000925d   Thumb Code    56  fs_fat.o(i.path_validate)
    usbd_connect                             0x00009655   Thumb Code    12  usbd_core.o(i.usbd_connect)
    usbd_init                                0x00009661   Thumb Code    26  usbd_core.o(i.usbd_init)
    usbd_msc_start_stop                      0x00009681   Thumb Code     2  usbd_msc.o(i.usbd_msc_start_stop)
    Inline ARM to Thumb Veneer to usbd_reset_core 0x00009684   ARM Code       8  usbd_core.o(i.usbd_reset_core)
    usbd_reset_core                          0x0000968d   Thumb Code    24  usbd_core.o(i.usbd_reset_core)
    Inline Thumb to ARM Veneer to _get_lc_ctype 0x000098a1   Thumb Code     4  lc_ctype_c.o(locale$$code)
    _get_lc_ctype                            0x000098a4   ARM Code      80  lc_ctype_c.o(locale$$code)
    usbd_power                               0x000098f4   Data           1  usb_config.o(.constdata)
    usbd_hs_enable                           0x000098f5   Data           1  usb_config.o(.constdata)
    usbd_if_num                              0x000098f6   Data           2  usb_config.o(.constdata)
    usbd_max_packet0                         0x000098f8   Data           1  usb_config.o(.constdata)
    usbd_msc_if_num                          0x000098f9   Data           1  usb_config.o(.constdata)
    usbd_msc_ep_bulkin                       0x000098fa   Data           1  usb_config.o(.constdata)
    usbd_msc_ep_bulkout                      0x000098fb   Data           1  usb_config.o(.constdata)
    usbd_msc_maxpacketsize                   0x000098fc   Data           4  usb_config.o(.constdata)
    USBD_P_Power_Event                       0x00009900   Data           4  usb_config.o(.constdata)
    USBD_P_Reset_Event                       0x00009904   Data           4  usb_config.o(.constdata)
    USBD_P_Suspend_Event                     0x00009908   Data           4  usb_config.o(.constdata)
    USBD_P_Resume_Event                      0x0000990c   Data           4  usb_config.o(.constdata)
    USBD_P_SOF_Event                         0x00009910   Data           4  usb_config.o(.constdata)
    USBD_P_Error_Event                       0x00009914   Data           4  usb_config.o(.constdata)
    USBD_P_EP                                0x00009918   Data          64  usb_config.o(.constdata)
    USBD_P_Configure_Event                   0x00009958   Data           4  usb_config.o(.constdata)
    USBD_P_Interface_Event                   0x0000995c   Data           4  usb_config.o(.constdata)
    USBD_P_Feature_Event                     0x00009960   Data           4  usb_config.o(.constdata)
    __rtx                                    0x00009964   Data           4  usb_config.o(.constdata)
    USBD_DeviceDescriptor                    0x00009968   Data          18  usb_config.o(.constdata)
    USBD_DeviceQualifier                     0x0000997a   Data           1  usb_config.o(.constdata)
    USBD_DeviceQualifier_HS                  0x0000997b   Data           1  usb_config.o(.constdata)
    USBD_ConfigDescriptor                    0x0000997c   Data          33  usb_config.o(.constdata)
    USBD_ConfigDescriptor_HS                 0x0000999d   Data           1  usb_config.o(.constdata)
    USBD_OtherSpeedConfigDescriptor          0x0000999e   Data           1  usb_config.o(.constdata)
    USBD_OtherSpeedConfigDescriptor_HS       0x0000999f   Data           1  usb_config.o(.constdata)
    USBD_StringDescriptor                    0x000099a0   Data         106  usb_config.o(.constdata)
    _NFILE                                   0x00009a0a   Data           2  file_config.o(.constdata)
    _NDRV                                    0x00009a0c   Data           2  file_config.o(.constdata)
    mc0_drv                                  0x00009a10   Data          24  file_config.o(.constdata)
    fs_DevPool                               0x00009a28   Data           8  file_config.o(.constdata)
    mci0_drv                                 0x00009a30   Data          44  mci_lpc23xx.o(.constdata)
    UserFont                                 0x00009a5c   Data          64  lcd_4bit.o(.constdata)
    __stdin_name                             0x00009a9c   Data           6  retarget.o(.constdata)
    __stdout_name                            0x00009aa2   Data           7  retarget.o(.constdata)
    __stderr_name                            0x00009aa9   Data           7  retarget.o(.constdata)
    Region$$Table$$Base                      0x0000a530   Number         0  anon$$obj.o(Region$$Table)
    Region$$Table$$Limit                     0x0000a550   Number         0  anon$$obj.o(Region$$Table)
    __ctype                                  0x0000a55d   Data           0  lc_ctype_c.o(locale$$data)
    usbd_msc_inquiry_data                    0x40000000   Data           4  usb_config.o(.data)
    USBD_AltSetting                          0x40000004   Data           1  usb_config.o(.data)
    USBD_EP0Buf                              0x40000005   Data           8  usb_config.o(.data)
    CDC_OUT                                  0x40000010   Data           4  usbd_lpc23xx.o(.data)
    count12                                  0x40000014   Data           4  mci_lpc23xx.o(.data)
    count                                    0x40000018   Data           4  usbd_user_msc.o(.data)
    WakeUp                                   0x4000001c   Data           4  memory.o(.data)
    INT0_Key                                 0x40000020   Data           4  memory.o(.data)
    mc0                                      0x40000024   Data           4  memory.o(.data)
    info                                     0x40000028   Data           8  memory.o(.data)
    USBD_DeviceAddress                       0x40000034   Data           1  usbd_core.o(.data)
    USBD_Configuration                       0x40000035   Data           1  usbd_core.o(.data)
    USBD_NumInterfaces                       0x40000036   Data           1  usbd_core.o(.data)
    USBD_HighSpeed                           0x40000037   Data           1  usbd_core.o(.data)
    USBD_ZLP                                 0x40000038   Data           1  usbd_core.o(.data)
    USBD_DeviceStatus                        0x4000003a   Data           2  usbd_core.o(.data)
    USBD_EndPointMask                        0x4000003c   Data           4  usbd_core.o(.data)
    USBD_EndPointHalt                        0x40000040   Data           4  usbd_core.o(.data)
    USBD_EndPointStall                       0x40000044   Data           4  usbd_core.o(.data)
    USBD_RTX_CoreTask                        0x40000048   Data           4  usbd_core.o(.data)
    USBD_EP0Data                             0x4000004c   Data           8  usbd_core.o(.data)
    USBD_SetupPacket                         0x40000054   Data           8  usbd_core.o(.data)
    BulkStage                                0x4000005c   Data           1  usbd_msc.o(.data)
    USBD_MSC_MediaReady                      0x40000060   Data           4  usbd_msc.o(.data)
    USBD_MSC_ReadOnly                        0x40000064   Data           4  usbd_msc.o(.data)
    USBD_MSC_MediaReadyEx                    0x40000068   Data           4  usbd_msc.o(.data)
    USBD_MSC_BlockSize                       0x4000006c   Data           4  usbd_msc.o(.data)
    USBD_MSC_BlockGroup                      0x40000070   Data           4  usbd_msc.o(.data)
    USBD_MSC_BlockCount                      0x40000074   Data           4  usbd_msc.o(.data)
    USBD_MSC_BlockBuf                        0x40000078   Data           4  usbd_msc.o(.data)
    MemOK                                    0x4000007c   Data           4  usbd_msc.o(.data)
    Block                                    0x40000080   Data           4  usbd_msc.o(.data)
    Offset                                   0x40000084   Data           4  usbd_msc.o(.data)
    Length                                   0x40000088   Data           4  usbd_msc.o(.data)
    BulkLen                                  0x4000008c   Data           4  usbd_msc.o(.data)
    USBD_MSC_MemorySize                      0x40000090   Data           4  usbd_msc.o(.data)
    __aeabi_stdin                            0x40000094   Data           4  stdio_streams.o(.data)
    __aeabi_stdout                           0x40000098   Data           4  stdio_streams.o(.data)
    __aeabi_stderr                           0x4000009c   Data           4  stdio_streams.o(.data)
    USBD_MSC_BulkBuf                         0x400000a0   Data          64  usb_config.o(.bss)
    _iob                                     0x400000e0   Data         288  file_config.o(.bss)
    PendingPckts                             0x40000284   Data          16  usbd_lpc23xx.o(.bss)
    USBD_MSC_CBW                             0x40000334   Data          31  usbd_msc.o(.bss)
    USBD_MSC_CSW                             0x40000353   Data          13  usbd_msc.o(.bss)
    __stdin                                  0x40000360   Data          84  stdio_streams.o(.bss)
    __stdout                                 0x400003b4   Data          84  stdio_streams.o(.bss)
    __stderr                                 0x40000408   Data          84  stdio_streams.o(.bss)
    __libspace_start                         0x4000045c   Data          96  libspace.o(.bss)
    __temporary_stack_top$libspace           0x400004bc   Data           0  libspace.o(.bss)



==============================================================================

Memory Map of the image

  Image Entry point : 0x00000178

  Load Region LR_IROM1 (Base: 0x00000000, Size: 0x0000a700, Max: 0x00080000, ABSOLUTE)

    Execution Region ER_IROM1 (Base: 0x00000000, Size: 0x0000a660, Max: 0x00080000, ABSOLUTE)

    Base Addr    Size         Type   Attr      Idx    E Section Name        Object

    0x00000000   0x00000178   Code   RO            3    RESET               lpc2300.o
    0x00000178   0x00000008   Code   RO          948  * !!!main             c_t.l(__main.o)
    0x00000180   0x0000003c   Code   RO         1314    !!!scatter          c_t.l(__scatter.o)
    0x000001bc   0x00000028   Code   RO         1316    !!handler_copy      c_t.l(__scatter_copy.o)
    0x000001e4   0x0000002c   Code   RO         1318    !!handler_zi        c_t.l(__scatter_zi.o)
    0x00000210   0x00000004   Ven    RO          869    .ARM.Collect$$_printf_percent$$00000000  c_t.l(_printf_percent.o)
    0x00000214   0x00000000   Code   RO          869    .ARM.Collect$$_printf_percent$$00000000  c_t.l(_printf_percent.o)
    0x00000214   0x00000008   Code   RO          866    .ARM.Collect$$_printf_percent$$00000001  c_t.l(_printf_n.o)
    0x0000021c   0x00000008   Code   RO          867    .ARM.Collect$$_printf_percent$$00000002  c_t.l(_printf_p.o)
    0x00000224   0x00000008   Code   RO          868    .ARM.Collect$$_printf_percent$$00000009  c_t.l(_printf_d.o)
    0x0000022c   0x00000008   Code   RO          865    .ARM.Collect$$_printf_percent$$00000014  c_t.l(_printf_s.o)
    0x00000234   0x00000008   Code   RO         1037    .ARM.Collect$$_printf_percent$$00000017  c_t.l(_printf_percent_end.o)
    0x0000023c   0x00000008   Ven    RO         1265    .ARM.Collect$$libinit$$00000000  c_t.l(libinit.o)
    0x00000244   0x00000002   Code   RO         1265    .ARM.Collect$$libinit$$00000000  c_t.l(libinit.o)
    0x00000246   0x00000000   Code   RO         1152    .ARM.Collect$$libinit$$00000002  c_t.l(libinit2.o)
    0x00000246   0x00000008   Code   RO         1153    .ARM.Collect$$libinit$$00000003  c_t.l(libinit2.o)
    0x0000024e   0x00000000   Code   RO         1155    .ARM.Collect$$libinit$$00000008  c_t.l(libinit2.o)
    0x0000024e   0x00000000   Code   RO         1157    .ARM.Collect$$libinit$$0000000A  c_t.l(libinit2.o)
    0x0000024e   0x00000000   Code   RO         1159    .ARM.Collect$$libinit$$0000000C  c_t.l(libinit2.o)
    0x0000024e   0x00000006   Code   RO         1160    .ARM.Collect$$libinit$$0000000D  c_t.l(libinit2.o)
    0x00000254   0x00000000   Code   RO         1162    .ARM.Collect$$libinit$$0000000F  c_t.l(libinit2.o)
    0x00000254   0x0000000c   Code   RO         1163    .ARM.Collect$$libinit$$00000010  c_t.l(libinit2.o)
    0x00000260   0x00000000   Code   RO         1164    .ARM.Collect$$libinit$$00000011  c_t.l(libinit2.o)
    0x00000260   0x00000000   Code   RO         1166    .ARM.Collect$$libinit$$00000013  c_t.l(libinit2.o)
    0x00000260   0x00000000   Code   RO         1168    .ARM.Collect$$libinit$$00000015  c_t.l(libinit2.o)
    0x00000260   0x00000000   Code   RO         1170    .ARM.Collect$$libinit$$00000017  c_t.l(libinit2.o)
    0x00000260   0x00000000   Code   RO         1172    .ARM.Collect$$libinit$$00000019  c_t.l(libinit2.o)
    0x00000260   0x00000000   Code   RO         1174    .ARM.Collect$$libinit$$0000001B  c_t.l(libinit2.o)
    0x00000260   0x00000000   Code   RO         1176    .ARM.Collect$$libinit$$0000001D  c_t.l(libinit2.o)
    0x00000260   0x00000000   Code   RO         1178    .ARM.Collect$$libinit$$0000001F  c_t.l(libinit2.o)
    0x00000260   0x00000000   Code   RO         1180    .ARM.Collect$$libinit$$00000021  c_t.l(libinit2.o)
    0x00000260   0x00000004   Code   RO         1181    .ARM.Collect$$libinit$$00000022  c_t.l(libinit2.o)
    0x00000264   0x00000000   Code   RO         1182    .ARM.Collect$$libinit$$00000023  c_t.l(libinit2.o)
    0x00000264   0x00000000   Code   RO         1186    .ARM.Collect$$libinit$$0000002A  c_t.l(libinit2.o)
    0x00000264   0x00000000   Code   RO         1188    .ARM.Collect$$libinit$$0000002C  c_t.l(libinit2.o)
    0x00000264   0x00000000   Code   RO         1190    .ARM.Collect$$libinit$$0000002E  c_t.l(libinit2.o)
    0x00000264   0x00000000   Code   RO         1192    .ARM.Collect$$libinit$$00000030  c_t.l(libinit2.o)
    0x00000264   0x0000000c   Code   RO         1193    .ARM.Collect$$libinit$$00000031  c_t.l(libinit2.o)
    0x00000270   0x00000008   Ven    RO         1311    .ARM.Collect$$libshutdown$$00000000  c_t.l(libshutdown.o)
    0x00000278   0x00000004   Code   RO         1311    .ARM.Collect$$libshutdown$$00000000  c_t.l(libshutdown.o)
    0x0000027c   0x00000004   Code   RO         1195    .ARM.Collect$$libshutdown$$00000002  c_t.l(libshutdown2.o)
    0x00000280   0x00000000   Code   RO         1196    .ARM.Collect$$libshutdown$$00000003  c_t.l(libshutdown2.o)
    0x00000280   0x00000000   Code   RO         1199    .ARM.Collect$$libshutdown$$00000006  c_t.l(libshutdown2.o)
    0x00000280   0x00000000   Code   RO         1202    .ARM.Collect$$libshutdown$$00000009  c_t.l(libshutdown2.o)
    0x00000280   0x00000000   Code   RO         1204    .ARM.Collect$$libshutdown$$0000000B  c_t.l(libshutdown2.o)
    0x00000280   0x00000000   Code   RO         1207    .ARM.Collect$$libshutdown$$0000000E  c_t.l(libshutdown2.o)
    0x00000280   0x00000006   Code   RO         1208    .ARM.Collect$$libshutdown$$0000000F  c_t.l(libshutdown2.o)
    0x00000286   0x00000002   PAD
    0x00000288   0x00000000   Code   RO          952    .ARM.Collect$$rtentry$$00000000  c_t.l(rtentry.o)
    0x00000288   0x00000000   Code   RO         1066    .ARM.Collect$$rtentry$$00000002  c_t.l(rtentry2.o)
    0x00000288   0x00000008   Code   RO         1078    .ARM.Collect$$rtentry$$00000004  c_t.l(rtentry4.o)
    0x00000290   0x00000000   Code   RO         1068    .ARM.Collect$$rtentry$$00000009  c_t.l(rtentry2.o)
    0x00000290   0x00000004   Code   RO         1069    .ARM.Collect$$rtentry$$0000000A  c_t.l(rtentry2.o)
    0x00000294   0x00000000   Code   RO         1071    .ARM.Collect$$rtentry$$0000000C  c_t.l(rtentry2.o)
    0x00000294   0x00000028   Code   RO         1072    .ARM.Collect$$rtentry$$0000000D  c_t.l(rtentry2.o)
    0x000002bc   0x00000004   Ven    RO         1268    .ARM.Collect$$rtexit$$00000000  c_t.l(rtexit.o)
    0x000002c0   0x00000004   Code   RO         1268    .ARM.Collect$$rtexit$$00000000  c_t.l(rtexit.o)
    0x000002c4   0x00000000   Code   RO         1285    .ARM.Collect$$rtexit$$00000002  c_t.l(rtexit2.o)
    0x000002c4   0x00000004   Code   RO         1286    .ARM.Collect$$rtexit$$00000003  c_t.l(rtexit2.o)
    0x000002c8   0x00000008   Code   RO         1287    .ARM.Collect$$rtexit$$00000004  c_t.l(rtexit2.o)
    0x000002d0   0x00000000   Code   RO         1225    .emb_text           c_t.l(maybetermalloc1.o)
    0x000002d0   0x00000024   Code   RO            4    .text               lpc2300.o
    0x000002f4   0x00000054   Code   RO           11    .text               usb_config.o
    0x00000348   0x000000dc   Code   RO          142    .text               file_config.o
    0x00000424   0x00000008   Ven    RO          174    .text               usbd_lpc23xx.o
    0x0000042c   0x00000380   Code   RO          174    .text               usbd_lpc23xx.o
    0x000007ac   0x00000280   Code   RO          175    .text               usbd_lpc23xx.o
    0x00000a2c   0x000002d8   Code   RO          209    .text               mci_lpc23xx.o
    0x00000d04   0x00000078   Code   RO          230    .text               serial.o
    0x00000d7c   0x00000190   Code   RO          249    .text               lcd_4bit.o
    0x00000f0c   0x00000148   Code   RO          265    .text               retarget.o
    0x00001054   0x00000094   Code   RO          298    .text               usbd_user_msc.o
    0x000010e8   0x00000094   Code   RO          317    .text               getline.o
    0x0000117c   0x00000bd8   Code   RO          333    .text               sd_file.o
    0x00001d54   0x00000050   Code   RO          354    .text               memory.o
    0x00001da4   0x00000148   Code   RO          355    .text               memory.o
    0x00001eec   0x00000004   Code   RO          796    .text               c_t.l(use_no_semi.o)
    0x00001ef0   0x00000004   Ven    RO          798    .text               c_t.l(lludiv.o)
    0x00001ef4   0x000002d0   Code   RO          798    .text               c_t.l(lludiv.o)
    0x000021c4   0x00000022   Code   RO          800    .text               c_t.l(toupper.o)
    0x000021e6   0x00000002   PAD
    0x000021e8   0x0000001c   Code   RO          802    .text               c_t.l(__2printf.o)
    0x00002204   0x00000016   Code   RO          804    .text               c_t.l(__2fprintf.o)
    0x0000221a   0x00000002   PAD
    0x0000221c   0x0000002c   Code   RO          806    .text               c_t.l(__2sprintf.o)
    0x00002248   0x00000056   Code   RO          816    .text               c_t.l(_printf_pad.o)
    0x0000229e   0x00000058   Code   RO          818    .text               c_t.l(_printf_str.o)
    0x000022f6   0x00000002   PAD
    0x000022f8   0x00000008   Ven    RO          820    .text               c_t.l(_printf_dec.o)
    0x00002300   0x00000070   Code   RO          820    .text               c_t.l(_printf_dec.o)
    0x00002370   0x00000008   Ven    RO          822    .text               c_t.l(_printf_charcount.o)
    0x00002378   0x00000028   Code   RO          822    .text               c_t.l(_printf_charcount.o)
    0x000023a0   0x00000008   Ven    RO          833    .text               c_t.l(_printf_hex_ptr.o)
    0x000023a8   0x00000058   Code   RO          833    .text               c_t.l(_printf_hex_ptr.o)
    0x00002400   0x0000019c   Code   RO          862    .text               c_t.l(__printf_flags_ss_wp.o)
    0x0000259c   0x00000040   Code   RO          870    .text               c_t.l(__0sscanf.o)
    0x000025dc   0x0000015c   Code   RO          872    .text               c_t.l(_scanf_int.o)
    0x00002738   0x0000006c   Code   RO          874    .text               c_t.l(fflush.o)
    0x000027a4   0x00000026   Code   RO          880    .text               c_t.l(fputs.o)
    0x000027ca   0x0000000c   Code   RO          886    .text               c_t.l(putc.o)
    0x000027d6   0x00000002   PAD
    0x000027d8   0x000000f0   Code   RO          888    .text               c_t.l(fopen.o)
    0x000028c8   0x00000050   Code   RO          896    .text               c_t.l(fclose.o)
    0x00002918   0x00000050   Code   RO          906    .text               c_t.l(strcpy.o)
    0x00002968   0x00000032   Code   RO          908    .text               c_t.l(strncasecmp.o)
    0x0000299a   0x00000002   PAD
    0x0000299c   0x00000044   Code   RO          910    .text               c_t.l(strlen.o)
    0x000029e0   0x00000018   Code   RO          912    .text               c_t.l(strcat.o)
    0x000029f8   0x00000004   Ven    RO          914    .text               c_t.l(rt_memcpy.o)
    0x000029fc   0x000000d4   Code   RO          914    .text               c_t.l(rt_memcpy.o)
    0x00002ad0   0x00000004   Ven    RO          916    .text               c_t.l(rt_memcpy_w.o)
    0x00002ad4   0x00000064   Code   RO          916    .text               c_t.l(rt_memcpy_w.o)
    0x00002b38   0x00000004   Ven    RO          918    .text               c_t.l(aeabi_memset.o)
    0x00002b3c   0x00000010   Code   RO          918    .text               c_t.l(aeabi_memset.o)
    0x00002b4c   0x00000004   Ven    RO          920    .text               c_t.l(rt_memclr.o)
    0x00002b50   0x00000040   Code   RO          920    .text               c_t.l(rt_memclr.o)
    0x00002b90   0x00000004   Ven    RO          922    .text               c_t.l(rt_memclr_w.o)
    0x00002b94   0x00000054   Code   RO          922    .text               c_t.l(rt_memclr_w.o)
    0x00002be8   0x00000004   Ven    RO          924    .text               c_t.l(strcmp.o)
    0x00002bec   0x000000a0   Code   RO          924    .text               c_t.l(strcmp.o)
    0x00002c8c   0x00000004   Ven    RO          926    .text               c_t.l(uread4.o)
    0x00002c90   0x00000020   Code   RO          926    .text               c_t.l(uread4.o)
    0x00002cb0   0x00000004   Ven    RO          928    .text               c_t.l(uwrite4.o)
    0x00002cb4   0x00000020   Code   RO          928    .text               c_t.l(uwrite4.o)
    0x00002cd4   0x00000004   Ven    RO          930    .text               c_t.l(aeabi_sdiv.o)
    0x00002cd8   0x00000180   Code   RO          930    .text               c_t.l(aeabi_sdiv.o)
    0x00002e58   0x00000006   Code   RO          946    .text               c_t.l(heapauxi.o)
    0x00002e5e   0x00000002   PAD
    0x00002e60   0x00000004   Ven    RO          953    .text               c_t.l(rt_ctype_table.o)
    0x00002e64   0x00000018   Code   RO          953    .text               c_t.l(rt_ctype_table.o)
    0x00002e7c   0x0000006e   Code   RO          967    .text               c_t.l(h1_alloc.o)
    0x00002eea   0x00000054   Code   RO          969    .text               c_t.l(h1_free.o)
    0x00002f3e   0x0000001e   Code   RO         1025    .text               c_t.l(tolower.o)
    0x00002f5c   0x000000ba   Code   RO         1027    .text               c_t.l(_printf_intcommon.o)
    0x00003016   0x00000002   PAD
    0x00003018   0x00000030   Code   RO         1029    .text               c_t.l(_printf_char_common.o)
    0x00003048   0x0000000a   Code   RO         1031    .text               c_t.l(_sputc.o)
    0x00003052   0x00000002   PAD
    0x00003054   0x00000008   Ven    RO         1033    .text               c_t.l(_printf_char.o)
    0x0000305c   0x00000032   Code   RO         1033    .text               c_t.l(_printf_char.o)
    0x0000308e   0x00000002   PAD
    0x00003090   0x0000002c   Code   RO         1035    .text               c_t.l(_printf_char_file.o)
    0x000030bc   0x0000001e   Code   RO         1038    .text               c_t.l(_chval.o)
    0x000030da   0x00000002   PAD
    0x000030dc   0x00000034   Code   RO         1040    .text               c_t.l(scanf_char.o)
    0x00003110   0x00000044   Code   RO         1042    .text               c_t.l(_sgetc.o)
    0x00003154   0x0000025c   Code   RO         1044    .text               c_t.l(filbuf.o)
    0x000033b0   0x000000f8   Code   RO         1050    .text               c_t.l(fseek.o)
    0x000034a8   0x000000fc   Code   RO         1052    .text               c_t.l(stdio.o)
    0x000035a4   0x00000144   Code   RO         1055    .text               c_t.l(initio.o)
    0x000036e8   0x00000004   Ven    RO         1061    .text               c_t.l(rtudiv10.o)
    0x000036ec   0x0000002c   Code   RO         1061    .text               c_t.l(rtudiv10.o)
    0x00003718   0x00000004   Ven    RO         1085    .text               c_t.l(rt_heap_descriptor_intlibspace.o)
    0x0000371c   0x0000000c   Code   RO         1085    .text               c_t.l(rt_heap_descriptor_intlibspace.o)
    0x00003728   0x00000004   Ven    RO         1090    .text               c_t.l(rt_locale_intlibspace.o)
    0x0000372c   0x0000000c   Code   RO         1090    .text               c_t.l(rt_locale_intlibspace.o)
    0x00003738   0x00000004   Code   RO         1092    .text               c_t.l(hguard.o)
    0x0000373c   0x00000094   Code   RO         1094    .text               c_t.l(init_alloc.o)
    0x000037d0   0x0000000e   Code   RO         1098    .text               c_t.l(h1_init.o)
    0x000037de   0x00000016   Code   RO         1112    .text               c_t.l(isspace.o)
    0x000037f4   0x000003c8   Code   RO         1116    .text               c_t.l(_scanf.o)
    0x00003bbc   0x00000008   Code   RO         1118    .text               c_t.l(ferror.o)
    0x00003bc4   0x000001f4   Code   RO         1120    .text               c_t.l(flsbuf.o)
    0x00003db8   0x00000046   Code   RO         1122    .text               c_t.l(ftell.o)
    0x00003dfe   0x00000002   PAD
    0x00003e00   0x00000050   Code   RO         1124    .text               c_t.l(setvbuf.o)
    0x00003e50   0x00000134   Code   RO         1126    .text               c_t.l(freadfast.o)
    0x00003f84   0x0000003c   Code   RO         1130    .text               c_t.l(flushlinebuffered.o)
    0x00003fc0   0x00000010   Code   RO         1145    .text               c_t.l(defsig_rtred_outer.o)
    0x00003fd0   0x0000000c   Code   RO         1211    .text               c_t.l(libspace.o)
    0x00003fdc   0x00000060   Code   RO         1214    .text               c_t.l(sys_stackheap_outer.o)
    0x0000403c   0x00000004   Ven    RO         1221    .text               c_t.l(rt_errno_addr_intlibspace.o)
    0x00004040   0x0000000c   Code   RO         1221    .text               c_t.l(rt_errno_addr_intlibspace.o)
    0x0000404c   0x00000038   Code   RO         1227    .text               c_t.l(h1_extend.o)
    0x00004084   0x000000cc   Code   RO         1233    .text               c_t.l(fwritefast.o)
    0x00004150   0x0000000c   Code   RO         1239    .text               c_t.l(exit.o)
    0x0000415c   0x00000010   Code   RO         1241    .text               c_t.l(defsig_exit.o)
    0x0000416c   0x00000038   Code   RO         1247    .text               c_t.l(defsig_rtred_inner.o)
    0x000041a4   0x00000010   Code   RO         1249    .text               c_t.l(defsig_rtmem_outer.o)
    0x000041b4   0x00000038   Code   RO         1274    .text               c_t.l(defsig_general.o)
    0x000041ec   0x00000054   Code   RO         1278    .text               c_t.l(defsig_rtmem_inner.o)
    0x00004240   0x00000004   Ven    RO          931    .text_udiv          c_t.l(aeabi_sdiv.o)
    0x00004244   0x00000024   Code   RO          931    .text_udiv          c_t.l(aeabi_sdiv.o)
    0x00004268   0x0000000c   Ven    RO         1349    Veneer$$Code        anon$$obj.o
    0x00004274   0x0000000c   Ven    RO         1350    Veneer$$Code        anon$$obj.o
    0x00004280   0x0000000c   Ven    RO         1351    Veneer$$Code        anon$$obj.o
    0x0000428c   0x0000000c   Ven    RO         1352    Veneer$$Code        anon$$obj.o
    0x00004298   0x0000000c   Ven    RO         1353    Veneer$$Code        anon$$obj.o
    0x000042a4   0x00000040   Code   RO          481    i.USBD_DataInStage  USB_ARM_L.lib(usbd_core.o)
    0x000042e4   0x00000024   Code   RO          482    i.USBD_DataOutStage  USB_ARM_L.lib(usbd_core.o)
    0x00004308   0x00000288   Code   RO          483    i.USBD_EndPoint0    USB_ARM_L.lib(usbd_core.o)
    0x00004590   0x00000078   Code   RO          786    i.USBD_EndPoint0_Setup_MSC_ReqToIF  USB_ARM_L.lib(usbd_core_msc.o)
    0x00004608   0x00000078   Code   RO          518    i.USBD_MSC_ATAPassThrough  USB_ARM_L.lib(usbd_msc.o)
    0x00004680   0x00000054   Code   RO          519    i.USBD_MSC_BulkIn   USB_ARM_L.lib(usbd_msc.o)
    0x000046d4   0x0000005c   Code   RO          520    i.USBD_MSC_BulkOut  USB_ARM_L.lib(usbd_msc.o)
    0x00004730   0x0000005c   Code   RO          521    i.USBD_MSC_CheckMedia  USB_ARM_L.lib(usbd_msc.o)
    0x0000478c   0x00000064   Code   RO          522    i.USBD_MSC_ClrStallEP  USB_ARM_L.lib(usbd_msc.o)
    0x000047f0   0x00000040   Code   RO          523    i.USBD_MSC_DataInFormat  USB_ARM_L.lib(usbd_msc.o)
    0x00004830   0x0000005c   Code   RO          524    i.USBD_MSC_DataInTransfer  USB_ARM_L.lib(usbd_msc.o)
    0x0000488c   0x00000028   Code   RO          526    i.USBD_MSC_EP_BULKOUT_Event  USB_ARM_L.lib(usbd_msc.o)
    0x000048b4   0x0000001c   Code   RO          527    i.USBD_MSC_EP_BULK_Event  USB_ARM_L.lib(usbd_msc.o)
    0x000048d0   0x000001c0   Code   RO          528    i.USBD_MSC_GetCBW   USB_ARM_L.lib(usbd_msc.o)
    0x00004a90   0x00000010   Code   RO          529    i.USBD_MSC_GetMaxLUN  USB_ARM_L.lib(usbd_msc.o)
    0x00004aa0   0x00000060   Code   RO          530    i.USBD_MSC_Inquiry  USB_ARM_L.lib(usbd_msc.o)
    0x00004b00   0x00000020   Code   RO          531    i.USBD_MSC_MediaRemoval  USB_ARM_L.lib(usbd_msc.o)
    0x00004b20   0x000000e4   Code   RO          532    i.USBD_MSC_MemoryRead  USB_ARM_L.lib(usbd_msc.o)
    0x00004c04   0x000000e8   Code   RO          533    i.USBD_MSC_MemoryVerify  USB_ARM_L.lib(usbd_msc.o)
    0x00004cec   0x000000e0   Code   RO          534    i.USBD_MSC_MemoryWrite  USB_ARM_L.lib(usbd_msc.o)
    0x00004dcc   0x00000068   Code   RO          535    i.USBD_MSC_ModeSense10  USB_ARM_L.lib(usbd_msc.o)
    0x00004e34   0x00000060   Code   RO          536    i.USBD_MSC_ModeSense6  USB_ARM_L.lib(usbd_msc.o)
    0x00004e94   0x000000c0   Code   RO          537    i.USBD_MSC_RWSetup  USB_ARM_L.lib(usbd_msc.o)
    0x00004f54   0x00000050   Code   RO          538    i.USBD_MSC_ReadCapacity  USB_ARM_L.lib(usbd_msc.o)
    0x00004fa4   0x0000007c   Code   RO          539    i.USBD_MSC_ReadFormatCapacity  USB_ARM_L.lib(usbd_msc.o)
    0x00005020   0x00000088   Code   RO          540    i.USBD_MSC_RequestSense  USB_ARM_L.lib(usbd_msc.o)
    0x000050a8   0x00000028   Code   RO          541    i.USBD_MSC_Reset    USB_ARM_L.lib(usbd_msc.o)
    0x000050d0   0x0000005c   Code   RO          542    i.USBD_MSC_ServiceActionIn16  USB_ARM_L.lib(usbd_msc.o)
    0x0000512c   0x00000038   Code   RO          543    i.USBD_MSC_SetCSW   USB_ARM_L.lib(usbd_msc.o)
    0x00005164   0x00000030   Code   RO          544    i.USBD_MSC_SetStallEP  USB_ARM_L.lib(usbd_msc.o)
    0x00005194   0x00000038   Code   RO          545    i.USBD_MSC_StartStopUnit  USB_ARM_L.lib(usbd_msc.o)
    0x000051cc   0x00000018   Code   RO          546    i.USBD_MSC_SynchronizeCache  USB_ARM_L.lib(usbd_msc.o)
    0x000051e4   0x00000054   Code   RO          547    i.USBD_MSC_TestUnitReady  USB_ARM_L.lib(usbd_msc.o)
    0x00005238   0x0000000c   Code   RO          787    i.USBD_ReqClrFeature_MSC  USB_ARM_L.lib(usbd_core_msc.o)
    0x00005244   0x00000160   Code   RO          508    i.USBD_ReqGetDescriptor  USB_ARM_L.lib(usbd_core.o)
    0x000053a4   0x00000084   Code   RO          514    i.USBD_ReqGetStatus  USB_ARM_L.lib(usbd_core.o)
    0x00005428   0x000000ac   Code   RO          506    i.USBD_ReqSetClrFeature  USB_ARM_L.lib(usbd_core.o)
    0x000054d4   0x00000188   Code   RO          510    i.USBD_ReqSetConfiguration  USB_ARM_L.lib(usbd_core.o)
    0x0000565c   0x00000140   Code   RO          512    i.USBD_ReqSetInterface  USB_ARM_L.lib(usbd_core.o)
    0x0000579c   0x00000014   Code   RO          485    i.USBD_SetupStage   USB_ARM_L.lib(usbd_core.o)
    0x000057b0   0x00000012   Code   RO          486    i.USBD_StatusInStage  USB_ARM_L.lib(usbd_core.o)
    0x000057c2   0x00000002   PAD
    0x000057c4   0x00000014   Code   RO          487    i.USBD_StatusOutStage  USB_ARM_L.lib(usbd_core.o)
    0x000057d8   0x00000002   Code   RO          427    i.__ARM_common_call_via_r0  FS_ARM_L.lib(fs_mapi.o)
    0x000057da   0x00000002   Code   RO          345    i.__ARM_common_call_via_r1  sd_file.o
    0x000057dc   0x00000002   Code   RO          429    i.__ARM_common_call_via_r2  FS_ARM_L.lib(fs_mapi.o)
    0x000057de   0x00000002   Code   RO          443    i.__ARM_common_call_via_r3  FS_ARM_L.lib(fs_ioc.o)
    0x000057e0   0x00000002   Code   RO          478    i.__ARM_common_call_via_r4  FS_ARM_L.lib(fs_mci.o)
    0x000057e2   0x00000002   Code   RO          474    i.__ARM_common_call_via_r5  FS_ARM_L.lib(fs_mci.o)
    0x000057e4   0x00000002   Code   RO          472    i.__ARM_common_call_via_r6  FS_ARM_L.lib(fs_mci.o)
    0x000057e6   0x00000002   Code   RO          476    i.__ARM_common_call_via_r7  FS_ARM_L.lib(fs_mci.o)
    0x000057e8   0x00000004   Ven    RO          764    i.__ARM_common_ll_muluu  FS_ARM_L.lib(fs_fat.o)
    0x000057ec   0x0000000c   Code   RO          764    i.__ARM_common_ll_muluu  FS_ARM_L.lib(fs_fat.o)
    0x000057f8   0x00000004   Ven    RO          516    i.__ARM_common_switch8  USB_ARM_L.lib(usbd_core.o)
    0x000057fc   0x00000018   Code   RO          516    i.__ARM_common_switch8  USB_ARM_L.lib(usbd_core.o)
    0x00005814   0x00000060   Code   RO          380    i.__sys_close       FS_ARM_L.lib(fs_sys.o)
    0x00005874   0x00000050   Code   RO          381    i.__sys_ensure      FS_ARM_L.lib(fs_sys.o)
    0x000058c4   0x00000044   Code   RO          382    i.__sys_flen        FS_ARM_L.lib(fs_sys.o)
    0x00005908   0x000000e0   Code   RO          383    i.__sys_open        FS_ARM_L.lib(fs_sys.o)
    0x000059e8   0x00000068   Code   RO          384    i.__sys_read        FS_ARM_L.lib(fs_sys.o)
    0x00005a50   0x00000054   Code   RO          385    i.__sys_seek        FS_ARM_L.lib(fs_sys.o)
    0x00005aa4   0x00000060   Code   RO          386    i.__sys_write       FS_ARM_L.lib(fs_sys.o)
    0x00005b04   0x0000000e   Code   RO          855    i._is_digit         c_t.l(__printf_wp.o)
    0x00005b12   0x0000004c   Code   RO          595    i.alloc_new_clus    FS_ARM_L.lib(fs_fat.o)
    0x00005b5e   0x00000002   PAD
    0x00005b60   0x000000c0   Code   RO          596    i.bs_read           FS_ARM_L.lib(fs_fat.o)
    0x00005c20   0x000001b4   Code   RO          597    i.bs_write          FS_ARM_L.lib(fs_fat.o)
    0x00005dd4   0x0000009e   Code   RO          598    i.cache_fat         FS_ARM_L.lib(fs_fat.o)
    0x00005e72   0x00000060   Code   RO          599    i.char_validate     FS_ARM_L.lib(fs_fat.o)
    0x00005ed2   0x00000042   Code   RO          600    i.clear_clus        FS_ARM_L.lib(fs_fat.o)
    0x00005f14   0x0000002a   Code   RO          601    i.clus_to_sect      FS_ARM_L.lib(fs_fat.o)
    0x00005f3e   0x00000002   PAD
    0x00005f40   0x0000011c   Code   RO          602    i.count_free_clus   FS_ARM_L.lib(fs_fat.o)
    0x0000605c   0x000000d0   Code   RO          603    i.create_dot_entries  FS_ARM_L.lib(fs_fat.o)
    0x0000612c   0x000000d8   Code   RO          604    i.create_lfn_entry  FS_ARM_L.lib(fs_fat.o)
    0x00006204   0x00000084   Code   RO          605    i.create_sfn_entry  FS_ARM_L.lib(fs_fat.o)
    0x00006288   0x0000002e   Code   RO          606    i.entry_flush       FS_ARM_L.lib(fs_fat.o)
    0x000062b6   0x00000062   Code   RO          607    i.entry_pos_comp    FS_ARM_L.lib(fs_fat.o)
    0x00006318   0x00000066   Code   RO          608    i.entry_pos_set     FS_ARM_L.lib(fs_fat.o)
    0x0000637e   0x0000003a   Code   RO          609    i.entry_read        FS_ARM_L.lib(fs_fat.o)
    0x000063b8   0x00000030   Code   RO          610    i.entry_type        FS_ARM_L.lib(fs_fat.o)
    0x000063e8   0x000000e8   Code   RO          612    i.fat_close         FS_ARM_L.lib(fs_fat.o)
    0x000064d0   0x00000034   Code   RO          613    i.fat_crc32         FS_ARM_L.lib(fs_fat.o)
    0x00006504   0x000000ca   Code   RO          614    i.fat_delete        FS_ARM_L.lib(fs_fat.o)
    0x000065ce   0x00000002   PAD
    0x000065d0   0x00000108   Code   RO          615    i.fat_ffind         FS_ARM_L.lib(fs_fat.o)
    0x000066d8   0x0000046e   Code   RO          616    i.fat_format        FS_ARM_L.lib(fs_fat.o)
    0x00006b46   0x00000038   Code   RO          617    i.fat_free          FS_ARM_L.lib(fs_fat.o)
    0x00006b7e   0x00000002   PAD
    0x00006b80   0x0000017c   Code   RO          618    i.fat_init          FS_ARM_L.lib(fs_fat.o)
    0x00006cfc   0x000001ba   Code   RO          621    i.fat_open          FS_ARM_L.lib(fs_fat.o)
    0x00006eb6   0x000000d4   Code   RO          622    i.fat_read          FS_ARM_L.lib(fs_fat.o)
    0x00006f8a   0x0000012a   Code   RO          624    i.fat_rename        FS_ARM_L.lib(fs_fat.o)
    0x000070b4   0x000000d4   Code   RO          625    i.fat_seek          FS_ARM_L.lib(fs_fat.o)
    0x00007188   0x0000012c   Code   RO          626    i.fat_write         FS_ARM_L.lib(fs_fat.o)
    0x000072b4   0x0000006c   Code   RO          398    i.fdelete           FS_ARM_L.lib(fs_mapi.o)
    0x00007320   0x000001b8   Code   RO          399    i.ffind             FS_ARM_L.lib(fs_mapi.o)
    0x000074d8   0x00000088   Code   RO          400    i.fformat           FS_ARM_L.lib(fs_mapi.o)
    0x00007560   0x00000054   Code   RO          401    i.ffree             FS_ARM_L.lib(fs_mapi.o)
    0x000075b4   0x00000020   Code   RO          877    i.fgetc             c_t.l(fgetc.o)
    0x000075d4   0x00000098   Code   RO          445    i.fill_cid          FS_ARM_L.lib(fs_mci.o)
    0x0000766c   0x00000080   Code   RO          403    i.finit             FS_ARM_L.lib(fs_mapi.o)
    0x000076ec   0x00000024   Code   RO         1047    i.fputc             c_t.l(fputc.o)
    0x00007710   0x000000ca   Code   RO          627    i.frec_allocate     FS_ARM_L.lib(fs_fat.o)
    0x000077da   0x00000062   Code   RO          628    i.frec_delete       FS_ARM_L.lib(fs_fat.o)
    0x0000783c   0x0000002e   Code   RO          629    i.frec_delete_elink  FS_ARM_L.lib(fs_fat.o)
    0x0000786a   0x00000002   PAD
    0x0000786c   0x0000026c   Code   RO          630    i.frec_find         FS_ARM_L.lib(fs_fat.o)
    0x00007ad8   0x00000088   Code   RO          631    i.frec_find_elink   FS_ARM_L.lib(fs_fat.o)
    0x00007b60   0x00000120   Code   RO          632    i.frec_next         FS_ARM_L.lib(fs_fat.o)
    0x00007c80   0x00000084   Code   RO          404    i.frename           FS_ARM_L.lib(fs_mapi.o)
    0x00007d04   0x00000074   Code   RO          405    i.fs_cfg_drv        FS_ARM_L.lib(fs_mapi.o)
    0x00007d78   0x00000034   Code   RO          767    i.fs_chk_media      FS_ARM_L.lib(fs_lib.o)
    0x00007dac   0x00000040   Code   RO          769    i.fs_efs_lock       FS_ARM_L.lib(fs_lib.o)
    0x00007dec   0x00000044   Code   RO          770    i.fs_fat_lock       FS_ARM_L.lib(fs_lib.o)
    0x00007e30   0x00000030   Code   RO          771    i.fs_find_drv       FS_ARM_L.lib(fs_lib.o)
    0x00007e60   0x00000040   Code   RO          772    i.fs_find_iob       FS_ARM_L.lib(fs_lib.o)
    0x00007ea0   0x00000008   Code   RO          790    i.fs_get_date       FS_ARM_L.lib(fs_time.o)
    0x00007ea8   0x00000006   Code   RO          791    i.fs_get_time       FS_ARM_L.lib(fs_time.o)
    0x00007eae   0x00000002   PAD
    0x00007eb0   0x00000080   Code   RO          773    i.fs_map_drive      FS_ARM_L.lib(fs_lib.o)
    0x00007f30   0x00000018   Code   RO          775    i.fs_strpos         FS_ARM_L.lib(fs_lib.o)
    0x00007f48   0x00000084   Code   RO          633    i.fsinfo_read       FS_ARM_L.lib(fs_fat.o)
    0x00007fcc   0x00000068   Code   RO          634    i.fsinfo_write      FS_ARM_L.lib(fs_fat.o)
    0x00008034   0x00000028   Code   RO          635    i.get_EOC           FS_ARM_L.lib(fs_fat.o)
    0x0000805c   0x00000038   Code   RO          637    i.get_date          FS_ARM_L.lib(fs_fat.o)
    0x00008094   0x00000032   Code   RO          638    i.get_fat_sect      FS_ARM_L.lib(fs_fat.o)
    0x000080c6   0x00000002   PAD
    0x000080c8   0x000000e0   Code   RO          640    i.get_free_clus     FS_ARM_L.lib(fs_fat.o)
    0x000081a8   0x00000032   Code   RO          641    i.get_param         FS_ARM_L.lib(fs_fat.o)
    0x000081da   0x00000032   Code   RO          642    i.get_time          FS_ARM_L.lib(fs_fat.o)
    0x0000820c   0x0000000a   Code   RO          643    i.get_u16           FS_ARM_L.lib(fs_fat.o)
    0x00008216   0x00000016   Code   RO          644    i.get_u32           FS_ARM_L.lib(fs_fat.o)
    0x0000822c   0x000000e8   Code   RO          408    i.init_drv          FS_ARM_L.lib(fs_mapi.o)
    0x00008314   0x0000004c   Code   RO          431    i.ioc_getcb         FS_ARM_L.lib(fs_ioc.o)
    0x00008360   0x00000084   Code   RO          432    i.ioc_init          FS_ARM_L.lib(fs_ioc.o)
    0x000083e4   0x00000022   Code   RO          433    i.ioc_read_info     FS_ARM_L.lib(fs_ioc.o)
    0x00008406   0x0000002a   Code   RO          434    i.ioc_read_sect     FS_ARM_L.lib(fs_ioc.o)
    0x00008430   0x0000002a   Code   RO          436    i.ioc_write_sect    FS_ARM_L.lib(fs_ioc.o)
    0x0000845a   0x00000002   PAD
    0x0000845c   0x00000038   Code   RO          645    i.is_EOC            FS_ARM_L.lib(fs_fat.o)
    0x00008494   0x00000084   Code   RO          646    i.is_dir_empty      FS_ARM_L.lib(fs_fat.o)
    0x00008518   0x000000c8   Code   RO          655    i.mbr_write         FS_ARM_L.lib(fs_fat.o)
    0x000085e0   0x00000034   Code   RO          446    i.mci_DevCtrl       FS_ARM_L.lib(fs_mci.o)
    0x00008614   0x000002a4   Code   RO          447    i.mci_Init          FS_ARM_L.lib(fs_mci.o)
    0x000088b8   0x0000008c   Code   RO          448    i.mci_ReadInfo      FS_ARM_L.lib(fs_mci.o)
    0x00008944   0x000000a4   Code   RO          449    i.mci_ReadSector    FS_ARM_L.lib(fs_mci.o)
    0x000089e8   0x0000001e   Code   RO          450    i.mci_UnInit        FS_ARM_L.lib(fs_mci.o)
    0x00008a06   0x000000a4   Code   RO          451    i.mci_WriteSector   FS_ARM_L.lib(fs_mci.o)
    0x00008aaa   0x00000084   Code   RO          452    i.mci_read_cid      FS_ARM_L.lib(fs_mci.o)
    0x00008b2e   0x00000002   PAD
    0x00008b30   0x000000b4   Code   RO          453    i.mci_read_csd      FS_ARM_L.lib(fs_mci.o)
    0x00008be4   0x00000044   Code   RO          454    i.mci_select_card   FS_ARM_L.lib(fs_mci.o)
    0x00008c28   0x00000032   Code   RO          455    i.mci_send_acmd     FS_ARM_L.lib(fs_mci.o)
    0x00008c5a   0x00000028   Code   RO          456    i.mci_send_stop     FS_ARM_L.lib(fs_mci.o)
    0x00008c82   0x00000002   PAD
    0x00008c84   0x00000060   Code   RO          457    i.mci_wait_for_tran  FS_ARM_L.lib(fs_mci.o)
    0x00008ce4   0x0000007c   Code   RO          656    i.name_analyse      FS_ARM_L.lib(fs_fat.o)
    0x00008d60   0x000000c0   Code   RO          657    i.name_basis_gen    FS_ARM_L.lib(fs_fat.o)
    0x00008e20   0x00000010   Code   RO          658    i.name_hash         FS_ARM_L.lib(fs_fat.o)
    0x00008e30   0x00000130   Code   RO          659    i.name_nt_gen       FS_ARM_L.lib(fs_fat.o)
    0x00008f60   0x0000005a   Code   RO          660    i.name_strip        FS_ARM_L.lib(fs_fat.o)
    0x00008fba   0x000001f8   Code   RO          661    i.path_create       FS_ARM_L.lib(fs_fat.o)
    0x000091b2   0x000000aa   Code   RO          662    i.path_open         FS_ARM_L.lib(fs_fat.o)
    0x0000925c   0x00000038   Code   RO          663    i.path_validate     FS_ARM_L.lib(fs_fat.o)
    0x00009294   0x00000080   Code   RO          664    i.read_cache        FS_ARM_L.lib(fs_fat.o)
    0x00009314   0x00000058   Code   RO          665    i.read_sector       FS_ARM_L.lib(fs_fat.o)
    0x0000936c   0x0000009c   Code   RO          666    i.set_next_clus     FS_ARM_L.lib(fs_fat.o)
    0x00009408   0x0000000e   Code   RO          667    i.set_root_clus     FS_ARM_L.lib(fs_fat.o)
    0x00009416   0x00000008   Code   RO          668    i.set_u16           FS_ARM_L.lib(fs_fat.o)
    0x0000941e   0x00000010   Code   RO          669    i.set_u32           FS_ARM_L.lib(fs_fat.o)
    0x0000942e   0x00000052   Code   RO          670    i.sfn_embed         FS_ARM_L.lib(fs_fat.o)
    0x00009480   0x0000004a   Code   RO          671    i.sfn_extract       FS_ARM_L.lib(fs_fat.o)
    0x000094ca   0x0000001e   Code   RO          672    i.short_ent_hash    FS_ARM_L.lib(fs_fat.o)
    0x000094e8   0x00000020   Code   RO          673    i.sn_chksum         FS_ARM_L.lib(fs_fat.o)
    0x00009508   0x0000014c   Code   RO          675    i.unlink_clus_chain  FS_ARM_L.lib(fs_fat.o)
    0x00009654   0x0000000c   Code   RO          489    i.usbd_connect      USB_ARM_L.lib(usbd_core.o)
    0x00009660   0x00000020   Code   RO          490    i.usbd_init         USB_ARM_L.lib(usbd_core.o)
    0x00009680   0x00000002   Code   RO          553    i.usbd_msc_start_stop  USB_ARM_L.lib(usbd_msc.o)
    0x00009682   0x00000002   PAD
    0x00009684   0x00000008   Ven    RO          491    i.usbd_reset_core   USB_ARM_L.lib(usbd_core.o)
    0x0000968c   0x00000024   Code   RO          491    i.usbd_reset_core   USB_ARM_L.lib(usbd_core.o)
    0x000096b0   0x000000b6   Code   RO          676    i.write_cache       FS_ARM_L.lib(fs_fat.o)
    0x00009766   0x00000002   PAD
    0x00009768   0x00000100   Code   RO          677    i.write_fat_link    FS_ARM_L.lib(fs_fat.o)
    0x00009868   0x00000038   Code   RO          678    i.write_sector      FS_ARM_L.lib(fs_fat.o)
    0x000098a0   0x00000004   Ven    RO         1143    locale$$code        c_t.l(lc_ctype_c.o)
    0x000098a4   0x00000050   Code   RO         1143    locale$$code        c_t.l(lc_ctype_c.o)
    0x000098f4   0x00000001   Data   RO           13    .constdata          usb_config.o
    0x000098f5   0x00000001   Data   RO           14    .constdata          usb_config.o
    0x000098f6   0x00000002   Data   RO           15    .constdata          usb_config.o
    0x000098f8   0x00000001   Data   RO           17    .constdata          usb_config.o
    0x000098f9   0x00000001   Data   RO           18    .constdata          usb_config.o
    0x000098fa   0x00000001   Data   RO           19    .constdata          usb_config.o
    0x000098fb   0x00000001   Data   RO           20    .constdata          usb_config.o
    0x000098fc   0x00000004   Data   RO           21    .constdata          usb_config.o
    0x00009900   0x00000004   Data   RO           22    .constdata          usb_config.o
    0x00009904   0x00000004   Data   RO           23    .constdata          usb_config.o
    0x00009908   0x00000004   Data   RO           24    .constdata          usb_config.o
    0x0000990c   0x00000004   Data   RO           25    .constdata          usb_config.o
    0x00009910   0x00000004   Data   RO           27    .constdata          usb_config.o
    0x00009914   0x00000004   Data   RO           28    .constdata          usb_config.o
    0x00009918   0x00000040   Data   RO           29    .constdata          usb_config.o
    0x00009958   0x00000004   Data   RO           30    .constdata          usb_config.o
    0x0000995c   0x00000004   Data   RO           31    .constdata          usb_config.o
    0x00009960   0x00000004   Data   RO           32    .constdata          usb_config.o
    0x00009964   0x00000004   Data   RO           33    .constdata          usb_config.o
    0x00009968   0x00000012   Data   RO           37    .constdata          usb_config.o
    0x0000997a   0x00000001   Data   RO           38    .constdata          usb_config.o
    0x0000997b   0x00000001   Data   RO           39    .constdata          usb_config.o
    0x0000997c   0x00000021   Data   RO           40    .constdata          usb_config.o
    0x0000999d   0x00000001   Data   RO           41    .constdata          usb_config.o
    0x0000999e   0x00000001   Data   RO           42    .constdata          usb_config.o
    0x0000999f   0x00000001   Data   RO           43    .constdata          usb_config.o
    0x000099a0   0x0000006a   Data   RO           44    .constdata          usb_config.o
    0x00009a0a   0x00000002   Data   RO          146    .constdata          file_config.o
    0x00009a0c   0x00000002   Data   RO          147    .constdata          file_config.o
    0x00009a0e   0x00000002   PAD
    0x00009a10   0x00000018   Data   RO          149    .constdata          file_config.o
    0x00009a28   0x00000008   Data   RO          150    .constdata          file_config.o
    0x00009a30   0x0000002c   Data   RO          210    .constdata          mci_lpc23xx.o
    0x00009a5c   0x00000040   Data   RO          250    .constdata          lcd_4bit.o
    0x00009a9c   0x00000006   Data   RO          266    .constdata          retarget.o
    0x00009aa2   0x00000007   Data   RO          267    .constdata          retarget.o
    0x00009aa9   0x00000007   Data   RO          268    .constdata          retarget.o
    0x00009ab0   0x0000056c   Data   RO          335    .constdata          sd_file.o
    0x0000a01c   0x00000010   Data   RO          458    .constdata          FS_ARM_L.lib(fs_mci.o)
    0x0000a02c   0x000004ac   Data   RO          679    .constdata          FS_ARM_L.lib(fs_fat.o)
    0x0000a4d8   0x00000028   Data   RO          834    .constdata          c_t.l(_printf_hex_ptr.o)
    0x0000a500   0x00000011   Data   RO          863    .constdata          c_t.l(__printf_flags_ss_wp.o)
    0x0000a511   0x0000001d   Data   RO           45    .conststring        usb_config.o
    0x0000a52e   0x00000002   PAD
    0x0000a530   0x00000020   Data   RO         1312    Region$$Table       anon$$obj.o
    0x0000a550   0x00000110   Data   RO         1142    locale$$data        c_t.l(lc_ctype_c.o)


    Execution Region RW_IRAM1 (Base: 0x40000000, Size: 0x000011e0, Max: 0x00008000, ABSOLUTE)

    Base Addr    Size         Type   Attr      Idx    E Section Name        Object

    0x40000000   0x00000004   Data   RW           46    .data               usb_config.o
    0x40000004   0x00000001   Data   RW           47    .data               usb_config.o
    0x40000005   0x00000008   Data   RW           48    .data               usb_config.o
    0x4000000d   0x00000003   PAD
    0x40000010   0x00000004   Data   RW          177    .data               usbd_lpc23xx.o
    0x40000014   0x00000004   Data   RW          211    .data               mci_lpc23xx.o
    0x40000018   0x00000004   Data   RW          299    .data               usbd_user_msc.o
    0x4000001c   0x00000014   Data   RW          356    .data               memory.o
    0x40000030   0x00000001   Data   RW          410    .data               FS_ARM_L.lib(fs_mapi.o)
    0x40000031   0x00000003   PAD
    0x40000034   0x00000028   Data   RW          493    .data               USB_ARM_L.lib(usbd_core.o)
    0x4000005c   0x00000034   Data   RW          556    .data               USB_ARM_L.lib(usbd_msc.o)
    0x40000090   0x00000004   Data   RW          557    .data               USB_ARM_L.lib(usbd_msc.o)
    0x40000094   0x00000004   Data   RW          893    .data               c_t.l(stdio_streams.o)
    0x40000098   0x00000004   Data   RW          894    .data               c_t.l(stdio_streams.o)
    0x4000009c   0x00000004   Data   RW          895    .data               c_t.l(stdio_streams.o)
    0x400000a0   0x00000040   Zero   RW           12    .bss                usb_config.o
    0x400000e0   0x00000120   Zero   RW          144    .bss                file_config.o
    0x40000200   0x00000084   Zero   RW          145    .bss                file_config.o
    0x40000284   0x00000010   Zero   RW          176    .bss                usbd_lpc23xx.o
    0x40000294   0x000000a0   Zero   RW          334    .bss                sd_file.o
    0x40000334   0x0000002c   Zero   RW          555    .bss                USB_ARM_L.lib(usbd_msc.o)
    0x40000360   0x00000054   Zero   RW          890    .bss                c_t.l(stdio_streams.o)
    0x400003b4   0x00000054   Zero   RW          891    .bss                c_t.l(stdio_streams.o)
    0x40000408   0x00000054   Zero   RW          892    .bss                c_t.l(stdio_streams.o)
    0x4000045c   0x00000060   Zero   RW         1212    .bss                c_t.l(libspace.o)
    0x400004bc   0x00000004   PAD
    0x400004c0   0x00000800   Zero   RW            2    HEAP                lpc2300.o
    0x40000cc0   0x00000520   Zero   RW            1    STACK               lpc2300.o



  Load Region LR$$.ARM.__AT_0x7FD00000 (Base: 0x7fd00000, Size: 0x00000000, Max: 0x00001400, ABSOLUTE)

    Execution Region ER$$.ARM.__AT_0x7FD00000 (Base: 0x7fd00000, Size: 0x00001400, Max: 0x00001400, ABSOLUTE, UNINIT)

    Base Addr    Size         Type   Attr      Idx    E Section Name        Object

    0x7fd00000   0x00001400   Zero   RW          143    .ARM.__AT_0x7FD00000  file_config.o


==============================================================================

Image component sizes


      Code (inc. data)   RO Data    RW Data    ZI Data      Debug   Object Name

       220         16         36          0       5540      14101   file_config.o
       148          4          0          0          0       1858   getline.o
       400         18         64          0          0       3072   lcd_4bit.o
       412         68          0          0       3360        536   lpc2300.o
       728         68         44          4          0       3203   mci_lpc23xx.o
       408        130          0         20          0       2019   memory.o
       328         28         20          0          0       9201   retarget.o
      3034       1204       1388          0        160       4986   sd_file.o
       120         14          0          0          0       1062   serial.o
        84          0        307         13         64      29261   usb_config.o
      1536        160          0          4         16       5934   usbd_lpc23xx.o
       148         38          0          4          0       1522   usbd_user_msc.o

    ----------------------------------------------------------------------
      7634       1768       1895         48       9140      76755   Object Totals
        68         20         32          0          0          0   (incl. Generated)
         0          0          4          3          0          0   (incl. Padding)

    ----------------------------------------------------------------------

      Code (inc. data)   RO Data    RW Data    ZI Data      Debug   Library Member Name

     11484        332       1196          0          0       5852   fs_fat.o
       328         10          0          0          0        488   fs_ioc.o
       448         46          0          0          0        548   fs_lib.o
      1380         78          0          1          0        840   fs_mapi.o
      1952         16         16          0          0       1376   fs_mci.o
       752         78          0          0          0        600   fs_sys.o
        14          4          0          0          0        120   fs_time.o
      2290        208          0         40          0       1220   usbd_core.o
       132         18          0          0          0        160   usbd_core_msc.o
      3122        396          0         56         44       2456   usbd_msc.o
        64         10          0          0          0         84   __0sscanf.o
        22          0          0          0          0         84   __2fprintf.o
        28          6          0          0          0         84   __2printf.o
        44          4          0          0          0         84   __2sprintf.o
         8          0          0          0          0         68   __main.o
       412          6         17          0          0         92   __printf_flags_ss_wp.o
        14          0          0          0          0         60   __printf_wp.o
        60          8          0          0          0          0   __scatter.o
        40          0          0          0          0          0   __scatter_copy.o
        44          0          0          0          0          0   __scatter_zi.o
        30          0          0          0          0         60   _chval.o
        58          0          0          0          0        112   _printf_char.o
        48          4          0          0          0         96   _printf_char_common.o
        44          6          0          0          0         88   _printf_char_file.o
        48          0          0          0          0         60   _printf_charcount.o
         8          0          0          0          0          0   _printf_d.o
       120         18          0          0          0         88   _printf_dec.o
        96          6         40          0          0         84   _printf_hex_ptr.o
       186          0          0          0          0         96   _printf_intcommon.o
         8          0          0          0          0          0   _printf_n.o
         8          0          0          0          0          0   _printf_p.o
        86          0          0          0          0        116   _printf_pad.o
         4          0          0          0          0          0   _printf_percent.o
         8          0          0          0          0          0   _printf_percent_end.o
         8          0          0          0          0          0   _printf_s.o
        88          0          0          0          0         84   _printf_str.o
       968         12          0          0          0        100   _scanf.o
       348          0          0          0          0         96   _scanf_int.o
        68          0          0          0          0         76   _sgetc.o
        10          0          0          0          0         60   _sputc.o
        20          0          0          0          0         68   aeabi_memset.o
       428          0          0          0          0        148   aeabi_sdiv.o
        16          0          0          0          0         80   defsig_exit.o
        56          0          0          0          0         84   defsig_general.o
        84         58          0          0          0         80   defsig_rtmem_inner.o
        16          0          0          0          0         80   defsig_rtmem_outer.o
        56         38          0          0          0         80   defsig_rtred_inner.o
        16          0          0          0          0         80   defsig_rtred_outer.o
        12          0          0          0          0         64   exit.o
        80          4          0          0          0         92   fclose.o
         8          0          0          0          0         60   ferror.o
       108          4          0          0          0        116   fflush.o
        32          0          0          0          0         80   fgetc.o
       604         14          0          0          0        152   filbuf.o
       500          8          0          0          0         92   flsbuf.o
        60         10          0          0          0         84   flushlinebuffered.o
       240          8          0          0          0        140   fopen.o
        36          0          0          0          0         80   fputc.o
        38          0          0          0          0         88   fputs.o
       308          0          0          0          0         96   freadfast.o
       248          4          0          0          0         92   fseek.o
        70          0          0          0          0         80   ftell.o
       204          0          0          0          0         96   fwritefast.o
       110          0          0          0          0        116   h1_alloc.o
        56          0          0          0          0         80   h1_extend.o
        84          0          0          0          0        100   h1_free.o
        14          0          0          0          0         76   h1_init.o
         6          0          0          0          0        136   heapauxi.o
         4          0          0          0          0        120   hguard.o
       148          0          0          0          0        192   init_alloc.o
       324         44          0          0          0        120   initio.o
        22          0          0          0          0         80   isspace.o
        84          8        272          0          0         92   lc_ctype_c.o
        10          0          0          0          0          0   libinit.o
        42          0          0          0          0          0   libinit2.o
        12          0          0          0          0          0   libshutdown.o
        10          0          0          0          0          0   libshutdown2.o
        12          4          0          0         96         68   libspace.o
       724         64          0          0          0        156   lludiv.o
         0          0          0          0          0          0   maybetermalloc1.o
        12          0          0          0          0         80   putc.o
        28          4          0          0          0         84   rt_ctype_table.o
        16          4          0          0          0         68   rt_errno_addr_intlibspace.o
        16          4          0          0          0         68   rt_heap_descriptor_intlibspace.o
        16          4          0          0          0         68   rt_locale_intlibspace.o
        68          0          0          0          0         68   rt_memclr.o
        88          0          0          0          0         80   rt_memclr_w.o
       216          0          0          0          0         68   rt_memcpy.o
       104          0          0          0          0         80   rt_memcpy_w.o
         0          0          0          0          0          0   rtentry.o
        44          4          0          0          0          0   rtentry2.o
         8          0          0          0          0          0   rtentry4.o
         8          0          0          0          0          0   rtexit.o
        12          0          0          0          0          0   rtexit2.o
        48          0          0          0          0         68   rtudiv10.o
        52          8          0          0          0         96   scanf_char.o
        80          6          0          0          0         80   setvbuf.o
       252          8          0          0          0        184   stdio.o
         0          0          0         12        252          0   stdio_streams.o
        24          0          0          0          0         60   strcat.o
       164          4          0          0          0         80   strcmp.o
        80          6          0          0          0         76   strcpy.o
        68          4          0          0          0         76   strlen.o
        50          0          0          0          0         88   strncasecmp.o
        96          0          0          0          0         80   sys_stackheap_outer.o
        30          0          0          0          0         80   tolower.o
        34          0          0          0          0         80   toupper.o
        36          0          0          0          0         68   uread4.o
         4          0          0          0          0         68   use_no_semi.o
        36          0          0          0          0         68   uwrite4.o

    ----------------------------------------------------------------------
     31522       1590       1541        112        396      20796   Library Totals
        50          0          0          3          4          0   (incl. Padding)

    ----------------------------------------------------------------------

      Code (inc. data)   RO Data    RW Data    ZI Data      Debug   Library Name

     16358        564       1212          1          0       9824   FS_ARM_L.lib
      5544        622          0         96         44       3836   USB_ARM_L.lib
      9570        404        329         12        348       7136   c_t.l

    ----------------------------------------------------------------------
     31522       1590       1541        112        396      20796   Library Totals

    ----------------------------------------------------------------------

==============================================================================


      Code (inc. data)   RO Data    RW Data    ZI Data      Debug   

     39156       3358       3436        160       9536      85539   Grand Totals
     39156       3358       3436        160       9536      85539   ELF Image Totals
     39156       3358       3436        160          0          0   ROM Totals

==============================================================================

    Total RO  Size (Code + RO Data)                42592 (  41.59kB)
    Total RW  Size (RW Data + ZI Data)              9696 (   9.47kB)
    Total ROM Size (Code + RO Data + RW Data)      42752 (  41.75kB)

==============================================================================

